                      :-) GROMACS - gmx mdrun, 2023.5 (-:

Copyright 1991-2023 The GROMACS Authors.
GROMACS is free software; you can redistribute it and/or modify it
under the terms of the GNU Lesser General Public License
as published by the Free Software Foundation; either version 2.1
of the License, or (at your option) any later version.

                         Current GROMACS contributors:
       Mark Abraham           Andrey Alekseenko           Cathrine Bergh      
      Christian Blau            Eliane Briand             Mahesh Doijade      
    Stefan Fleischmann           Vytas Gapsys              Gaurav Garg        
      Sergey Gorelov         Gilles Gouaillardet            Alan Gray         
     M. Eric Irrgang         Farzaneh Jalalypour            Joe Jordan        
    Christoph Junghans        Prashanth Kanduri          Sebastian Keller     
     Carsten Kutzner           Justin A. Lemkul          Magnus Lundborg      
       Pascal Merz              Vedran Miletic            Dmitry Morozov      
       Szilard Pall             Roland Schulz             Michael Shirts      
     Alexey Shvetsov            Balint Soproni         David van der Spoel    
      Philip Turner             Carsten Uphoff           Alessandra Villa     
 Sebastian Wingbermuehle        Artem Zhmurov       

                         Previous GROMACS contributors:
        Emile Apol             Rossen Apostolov           James Barnett       
  Herman J.C. Berendsen          Par Bjelkmar           Viacheslav Bolnykh    
        Kevin Boyd            Aldert van Buuren          Carlo Camilloni      
     Rudi van Drunen            Anton Feenstra           Oliver Fleetwood     
     Gerrit Groenhof            Bert de Groot             Anca Hamuraru       
    Vincent Hindriksen          Victor Holanda           Aleksei Iupinov      
   Dimitrios Karkoulis           Peter Kasson             Sebastian Kehl      
        Jiri Kraus               Per Larsson              Viveca Lindahl      
      Erik Marklund           Pieter Meulenhoff           Teemu Murtola       
       Sander Pronk             Alfons Sijbers            Peter Tieleman      
       Jon Vincent             Teemu Virolainen         Christian Wennberg    
       Maarten Wolf       

                  Coordinated by the GROMACS project leaders:
                    Paul Bauer, Berk Hess, and Erik Lindahl

GROMACS:      gmx mdrun, version 2023.5
Executable:   /storage/chem/lfsmgr/SRG/GROMACS2/2023.5/bin/gmx
Data prefix:  /storage/chem/lfsmgr/SRG/GROMACS2/2023.5
Working dir:  /storage/lfsmgr_grp/mzsrjr/cg2at-lite/example/1UBQ/CG2AT_2026-07-14_09-40-00/MERGED/NVT
Process ID:   212589
Command line:
  gmx mdrun -ntmpi 1 -v -pin on -deffnm merged_cg2at_de_novo_nvt -c merged_cg2at_de_novo_nvt.pdb -cpo merged_cg2at_de_novo_nvt.cpt

GROMACS version:    2023.5
Precision:          mixed
Memory model:       64 bit
MPI library:        thread_mpi
OpenMP support:     enabled (GMX_OPENMP_MAX_THREADS = 128)
GPU support:        CUDA
NB cluster size:    8
SIMD instructions:  AVX2_256
CPU FFT library:    fftw-3.3.8-sse2-avx-avx2-avx2_128
GPU FFT library:    cuFFT
Multi-GPU FFT:      none
RDTSCP usage:       enabled
TNG support:        enabled
Hwloc support:      disabled
Tracing support:    disabled
C compiler:         /usr/bin/cc GNU 11.4.1
C compiler flags:   -fexcess-precision=fast -funroll-all-loops -mavx2 -mfma -Wno-missing-field-initializers -O3 -DNDEBUG
C++ compiler:       /usr/bin/c++ GNU 11.4.1
C++ compiler flags: -fexcess-precision=fast -funroll-all-loops -mavx2 -mfma -Wno-missing-field-initializers -Wno-cast-function-type-strict -fopenmp -O3 -DNDEBUG
BLAS library:       External - detected on the system
LAPACK library:     External - detected on the system
CUDA compiler:      /software/easybuild/software/CUDA/12.5.0/bin/nvcc nvcc: NVIDIA (R) Cuda compiler driver;Copyright (c) 2005-2024 NVIDIA Corporation;Built on Wed_Apr_17_19:19:55_PDT_2024;Cuda compilation tools, release 12.5, V12.5.40;Build cuda_12.5.r12.5/compiler.34177558_0
CUDA compiler flags:-std=c++17;--generate-code=arch=compute_50,code=sm_50;--generate-code=arch=compute_52,code=sm_52;--generate-code=arch=compute_60,code=sm_60;--generate-code=arch=compute_61,code=sm_61;--generate-code=arch=compute_70,code=sm_70;--generate-code=arch=compute_75,code=sm_75;--generate-code=arch=compute_80,code=sm_80;--generate-code=arch=compute_86,code=sm_86;--generate-code=arch=compute_89,code=sm_89;--generate-code=arch=compute_90,code=sm_90;-Wno-deprecated-gpu-targets;--generate-code=arch=compute_53,code=sm_53;--generate-code=arch=compute_80,code=sm_80;-use_fast_math;-Xptxas;-warn-double-usage;-Xptxas;-Werror;-D_FORCE_INLINES;-fexcess-precision=fast -funroll-all-loops -mavx2 -mfma -Wno-missing-field-initializers -Wno-cast-function-type-strict -fopenmp -O3 -DNDEBUG
CUDA driver:        13.0
CUDA runtime:       12.50


Running on 1 node with total 24 cores, 24 processing units, 0 compatible GPUs
Hardware detected on host srgist2.scrtp.warwick.ac.uk:
  CPU info:
    Vendor: Intel
    Brand:  Intel(R) Core(TM) Ultra 9 285
    Family: 6   Model: 198   Stepping: 2
    Features: aes apic avx avx2 clfsh cmov cx8 cx16 f16c fma htt intel lahf mmx msr nonstop_tsc pcid pclmuldq pdcm pdpe1gb popcnt pse rdrnd rdtscp sha sse2 sse3 sse4.1 sse4.2 ssse3 tdt x2apic
  Hardware topology: Basic
    Packages, cores, and logical processors:
    [indices refer to OS logical processors]
      Package  0: [   0] [   1] [   2] [   3] [   4] [   5] [   6] [   7] [   8] [   9] [  10] [  11] [  12] [  13] [  14] [  15] [  16] [  17] [  18] [  19] [  20] [  21] [  22] [  23]
    CPU limit set by OS: -1   Recommended max number of threads: 24
  GPU info:
    Number of GPUs detected: 1
    #0: N/A, stat: non-functional


++++ PLEASE READ AND CITE THE FOLLOWING REFERENCE ++++
M. J. Abraham, T. Murtola, R. Schulz, S. Páll, J. C. Smith, B. Hess, E.
Lindahl
GROMACS: High performance molecular simulations through multi-level
parallelism from laptops to supercomputers
SoftwareX 1 (2015) pp. 19-25
-------- -------- --- Thank You --- -------- --------


++++ PLEASE READ AND CITE THE FOLLOWING REFERENCE ++++
S. Páll, M. J. Abraham, C. Kutzner, B. Hess, E. Lindahl
Tackling Exascale Software Challenges in Molecular Dynamics Simulations with
GROMACS
In S. Markidis & E. Laure (Eds.), Solving Software Challenges for Exascale 8759 (2015) pp. 3-27
-------- -------- --- Thank You --- -------- --------


++++ PLEASE READ AND CITE THE FOLLOWING REFERENCE ++++
S. Pronk, S. Páll, R. Schulz, P. Larsson, P. Bjelkmar, R. Apostolov, M. R.
Shirts, J. C. Smith, P. M. Kasson, D. van der Spoel, B. Hess, and E. Lindahl
GROMACS 4.5: a high-throughput and highly parallel open source molecular
simulation toolkit
Bioinformatics 29 (2013) pp. 845-54
-------- -------- --- Thank You --- -------- --------


++++ PLEASE READ AND CITE THE FOLLOWING REFERENCE ++++
B. Hess and C. Kutzner and D. van der Spoel and E. Lindahl
GROMACS 4: Algorithms for highly efficient, load-balanced, and scalable
molecular simulation
J. Chem. Theory Comput. 4 (2008) pp. 435-447
-------- -------- --- Thank You --- -------- --------


++++ PLEASE READ AND CITE THE FOLLOWING REFERENCE ++++
D. van der Spoel, E. Lindahl, B. Hess, G. Groenhof, A. E. Mark and H. J. C.
Berendsen
GROMACS: Fast, Flexible and Free
J. Comp. Chem. 26 (2005) pp. 1701-1719
-------- -------- --- Thank You --- -------- --------


++++ PLEASE READ AND CITE THE FOLLOWING REFERENCE ++++
E. Lindahl and B. Hess and D. van der Spoel
GROMACS 3.0: A package for molecular simulation and trajectory analysis
J. Mol. Mod. 7 (2001) pp. 306-317
-------- -------- --- Thank You --- -------- --------


++++ PLEASE READ AND CITE THE FOLLOWING REFERENCE ++++
H. J. C. Berendsen, D. van der Spoel and R. van Drunen
GROMACS: A message-passing parallel molecular dynamics implementation
Comp. Phys. Comm. 91 (1995) pp. 43-56
-------- -------- --- Thank You --- -------- --------


++++ PLEASE CITE THE DOI FOR THIS VERSION OF GROMACS ++++
https://doi.org/10.5281/zenodo.11104849
-------- -------- --- Thank You --- -------- --------

Input Parameters:
   integrator                     = md
   tinit                          = 0
   dt                             = 0.001
   nsteps                         = 5000
   init-step                      = 0
   simulation-part                = 1
   mts                            = false
   comm-mode                      = Linear
   nstcomm                        = 100
   bd-fric                        = 0
   ld-seed                        = -673185921
   emtol                          = 10
   emstep                         = 0.01
   niter                          = 20
   fcstep                         = 0
   nstcgsteep                     = 1000
   nbfgscorr                      = 10
   rtpi                           = 0.05
   nstxout                        = 0
   nstvout                        = 0
   nstfout                        = 0
   nstlog                         = 1000
   nstcalcenergy                  = 100
   nstenergy                      = 1000
   nstxout-compressed             = 1000
   compressed-x-precision         = 1000
   cutoff-scheme                  = Verlet
   nstlist                        = 25
   pbc                            = xyz
   periodic-molecules             = false
   verlet-buffer-tolerance        = 0.005
   rlist                          = 1.205
   coulombtype                    = PME
   coulomb-modifier               = Potential-shift
   rcoulomb-switch                = 0
   rcoulomb                       = 1.2
   epsilon-r                      = 1
   epsilon-rf                     = inf
   vdw-type                       = Cut-off
   vdw-modifier                   = Potential-shift
   rvdw-switch                    = 0
   rvdw                           = 1.2
   DispCorr                       = No
   table-extension                = 1
   fourierspacing                 = 0.135
   fourier-nx                     = 60
   fourier-ny                     = 60
   fourier-nz                     = 60
   pme-order                      = 4
   ewald-rtol                     = 1e-05
   ewald-rtol-lj                  = 0.001
   lj-pme-comb-rule               = Geometric
   ewald-geometry                 = 3d
   epsilon-surface                = 0
   ensemble-temperature-setting   = constant
   ensemble-temperature           = 310
   tcoupl                         = V-rescale
   nsttcouple                     = 20
   nh-chain-length                = 0
   print-nose-hoover-chain-variables = false
   pcoupl                         = No
   pcoupltype                     = Isotropic
   nstpcouple                     = -1
   tau-p                          = 1
   compressibility (3x3):
      compressibility[    0]={ 0.00000e+00,  0.00000e+00,  0.00000e+00}
      compressibility[    1]={ 0.00000e+00,  0.00000e+00,  0.00000e+00}
      compressibility[    2]={ 0.00000e+00,  0.00000e+00,  0.00000e+00}
   ref-p (3x3):
      ref-p[    0]={ 0.00000e+00,  0.00000e+00,  0.00000e+00}
      ref-p[    1]={ 0.00000e+00,  0.00000e+00,  0.00000e+00}
      ref-p[    2]={ 0.00000e+00,  0.00000e+00,  0.00000e+00}
   refcoord-scaling               = All
   posres-com (3):
      posres-com[0]= 0.00000e+00
      posres-com[1]= 0.00000e+00
      posres-com[2]= 0.00000e+00
   posres-comB (3):
      posres-comB[0]= 0.00000e+00
      posres-comB[1]= 0.00000e+00
      posres-comB[2]= 0.00000e+00
   QMMM                           = false
qm-opts:
   ngQM                           = 0
   constraint-algorithm           = Lincs
   continuation                   = false
   Shake-SOR                      = false
   shake-tol                      = 0.0001
   lincs-order                    = 4
   lincs-iter                     = 1
   lincs-warnangle                = 30
   nwall                          = 0
   wall-type                      = 9-3
   wall-r-linpot                  = -1
   wall-atomtype[0]               = -1
   wall-atomtype[1]               = -1
   wall-density[0]                = 0
   wall-density[1]                = 0
   wall-ewald-zfac                = 3
   pull                           = false
   awh                            = false
   rotation                       = false
   interactiveMD                  = false
   disre                          = Simple
   disre-weighting                = Equal
   disre-mixed                    = false
   dr-fc                          = 1000
   dr-tau                         = 1
   nstdisreout                    = 1
   orire-fc                       = 0
   orire-tau                      = 0
   nstorireout                    = 100
   free-energy                    = no
   cos-acceleration               = 0
   deform (3x3):
      deform[    0]={ 0.00000e+00,  0.00000e+00,  0.00000e+00}
      deform[    1]={ 0.00000e+00,  0.00000e+00,  0.00000e+00}
      deform[    2]={ 0.00000e+00,  0.00000e+00,  0.00000e+00}
   simulated-tempering            = false
   swapcoords                     = no
   userint1                       = 0
   userint2                       = 0
   userint3                       = 0
   userint4                       = 0
   userreal1                      = 0
   userreal2                      = 0
   userreal3                      = 0
   userreal4                      = 0
   applied-forces:
     electric-field:
       x:
         E0                       = 0
         omega                    = 0
         t0                       = 0
         sigma                    = 0
       y:
         E0                       = 0
         omega                    = 0
         t0                       = 0
         sigma                    = 0
       z:
         E0                       = 0
         omega                    = 0
         t0                       = 0
         sigma                    = 0
     density-guided-simulation:
       active                     = false
       group                      = protein
       similarity-measure         = inner-product
       atom-spreading-weight      = unity
       force-constant             = 1e+09
       gaussian-transform-spreading-width = 0.2
       gaussian-transform-spreading-range-in-multiples-of-width = 4
       reference-density-filename = reference.mrc
       nst                        = 1
       normalize-densities        = true
       adaptive-force-scaling     = false
       adaptive-force-scaling-time-constant = 4
       shift-vector               = 
       transformation-matrix      = 
     qmmm-cp2k:
       active                     = false
       qmgroup                    = System
       qmmethod                   = PBE
       qmfilenames                = 
       qmcharge                   = 0
       qmmultiplicity             = 1
grpopts:
   nrdf:       93643
   ref-t:         310
   tau-t:         0.1
annealing:          No
annealing-npoints:           0
   acc:	           0           0           0
   nfreeze:           N           N           N
   energygrp-flags[  0]: 0

Changing nstlist from 25 to 100, rlist from 1.205 to 1.302


Initializing Domain Decomposition on 1 ranks
Dynamic load balancing: auto
Using update groups, nr 15740, average size 3.0 atoms, max. radius 0.139 nm
Minimum cell size due to atom displacement: 0.398 nm
Initial maximum distances in bonded interactions:
    two-body bonded interactions: 0.409 nm, LJ-14, atoms 5 13
  multi-body bonded interactions: 0.489 nm, CMAP Dih., atoms 18 37
Minimum cell size due to bonded interactions: 0.538 nm
Using 0 separate PME ranks because: there are too few total ranks for efficient splitting
Optimizing the DD grid for 1 cells with a minimum initial size of 0.538 nm
The maximum allowed number of cells is: X 14 Y 14 Z 14
Domain decomposition grid 1 x 1 x 1, separate PME ranks 0
PME domain decomposition: 1 x 1 x 1

The initial number of communication pulses is:
The initial domain decomposition cell size is:

The maximum allowed distance for atom groups involved in interactions is:
                 non-bonded interactions           1.580 nm
            two-body bonded interactions  (-rdd)   1.580 nm
          multi-body bonded interactions  (-rdd)   1.580 nm

When dynamic load balancing gets turned on, these settings will change to:
The maximum number of communication pulses is:
The minimum size for domain decomposition cells is 1.580 nm
The requested allowed shrink of DD cells (option -dds) is: 0.80
The allowed shrink of domain decomposition cells is:
The maximum allowed distance for atom groups involved in interactions is:
                 non-bonded interactions           1.580 nm
            two-body bonded interactions  (-rdd)   1.580 nm
          multi-body bonded interactions  (-rdd)   1.580 nm

Using 1 MPI thread
Using 24 OpenMP threads 

System total charge: 0.000
Will do PME sum in reciprocal space for electrostatic interactions.

++++ PLEASE READ AND CITE THE FOLLOWING REFERENCE ++++
U. Essmann, L. Perera, M. L. Berkowitz, T. Darden, H. Lee and L. G. Pedersen 
A smooth particle mesh Ewald method
J. Chem. Phys. 103 (1995) pp. 8577-8592
-------- -------- --- Thank You --- -------- --------

Using a Gaussian width (1/beta) of 0.384195 nm for Ewald
Potential shift: LJ r^-12: -1.122e-01 r^-6: -3.349e-01, Ewald -8.333e-06
Initialized non-bonded Coulomb Ewald tables, spacing: 1.02e-03 size: 1176

Generated table with 1151 data points for 1-4 COUL.
Tabscale = 500 points/nm
Generated table with 1151 data points for 1-4 LJ6.
Tabscale = 500 points/nm
Generated table with 1151 data points for 1-4 LJ12.
Tabscale = 500 points/nm


Using SIMD 4x8 nonbonded short-range kernels

Using a dual 4x8 pair-list setup updated with dynamic pruning:
  outer list: updated every 100 steps, buffer 0.102 nm, rlist 1.302 nm
  inner list: updated every  22 steps, buffer 0.001 nm, rlist 1.201 nm
At tolerance 0.005 kJ/mol/ps per atom, equivalent classical 1x1 list would be:
  outer list: updated every 100 steps, buffer 0.232 nm, rlist 1.432 nm
  inner list: updated every  22 steps, buffer 0.045 nm, rlist 1.245 nm

The non-bonded pair calculation algorithm tolerates a few missing pair interactions close to the cut-off. This can lead to a systematic overestimation of the pressure due to missing LJ interactions. The error in the average pressure due to missing LJ interactions is at most 0.23 bar.
The pressure error can be controlled by setting the environment variable GMX_VERLET_BUFFER_PRESSURE_TOLERANCE to the allowed error in units of bar.

Using full Lennard-Jones parameter combination matrix
Removing pbc first time

Linking all bonded interactions to atoms


Pinning threads with an auto-selected logical cpu stride of 1

Initializing LINear Constraint Solver

++++ PLEASE READ AND CITE THE FOLLOWING REFERENCE ++++
B. Hess and H. Bekker and H. J. C. Berendsen and J. G. E. M. Fraaije
LINCS: A Linear Constraint Solver for molecular simulations
J. Comp. Chem. 18 (1997) pp. 1463-1472
-------- -------- --- Thank You --- -------- --------

The number of constraints is 629

++++ PLEASE READ AND CITE THE FOLLOWING REFERENCE ++++
S. Miyamoto and P. A. Kollman
SETTLE: An Analytical Version of the SHAKE and RATTLE Algorithms for Rigid
Water Models
J. Comp. Chem. 13 (1992) pp. 952-962
-------- -------- --- Thank You --- -------- --------


++++ PLEASE READ AND CITE THE FOLLOWING REFERENCE ++++
G. Bussi, D. Donadio and M. Parrinello
Canonical sampling through velocity rescaling
J. Chem. Phys. 126 (2007) pp. 014101
-------- -------- --- Thank You --- -------- --------

There are: 46481 Atoms
Atom distribution over 1 domains: av 46481 stddev 0 min 46481 max 46481

Constraining the starting coordinates (step 0)

Constraining the coordinates at t0-dt (step 0)
Center of mass motion removal mode is Linear
We have the following groups for center of mass motion removal:
  0:  rest
RMS relative constraint deviation after constraining: 8.42e-07
Initial temperature: 1.20419e-06 K

Started mdrun on rank 0 Tue Jul 14 10:40:16 2026

           Step           Time
              0        0.00000

   Energies (kJ/mol)
           Bond            U-B    Proper Dih.  Improper Dih.      CMAP Dih.
    4.64923e+02    3.19321e+03    3.86430e+03    1.20165e+02   -2.75153e+02
          LJ-14     Coulomb-14        LJ (SR)   Coulomb (SR)   Coul. recip.
    8.78961e+02    1.11791e+04    7.64152e+04   -7.03124e+05    4.42648e+03
 Position Rest.      Potential    Kinetic En.   Total Energy  Conserved En.
    1.00415e-04   -6.02856e+05    8.20331e+01   -6.02774e+05   -6.02774e+05
    Temperature Pressure (bar)   Constr. rmsd
    2.10722e-01    1.88968e+03    8.41824e-07

           Step           Time
           1000        1.00000

   Energies (kJ/mol)
           Bond            U-B    Proper Dih.  Improper Dih.      CMAP Dih.
    5.59984e+02    2.13361e+03    3.35867e+03    1.14029e+02   -1.90997e+02
          LJ-14     Coulomb-14        LJ (SR)   Coulomb (SR)   Coul. recip.
    7.36919e+02    1.18640e+04    6.57213e+04   -7.32920e+05    2.22510e+03
 Position Rest.      Potential    Kinetic En.   Total Energy  Conserved En.
    2.20800e+02   -6.46177e+05    1.21354e+05   -5.24823e+05   -6.00866e+05
    Temperature Pressure (bar)   Constr. rmsd
    3.11727e+02    3.39451e+02    1.40253e-06

           Step           Time
           2000        2.00000

   Energies (kJ/mol)
           Bond            U-B    Proper Dih.  Improper Dih.      CMAP Dih.
    6.05708e+02    2.32530e+03    3.21936e+03    1.48785e+02   -1.96433e+02
          LJ-14     Coulomb-14        LJ (SR)   Coulomb (SR)   Coul. recip.
    7.42711e+02    1.18206e+04    6.54930e+04   -7.34038e+05    2.30947e+03
 Position Rest.      Potential    Kinetic En.   Total Energy  Conserved En.
    1.90085e+02   -6.47379e+05    1.22476e+05   -5.24903e+05   -6.00861e+05
    Temperature Pressure (bar)   Constr. rmsd
    3.14610e+02    3.20200e+02    1.39965e-06

           Step           Time
           3000        3.00000

   Energies (kJ/mol)
           Bond            U-B    Proper Dih.  Improper Dih.      CMAP Dih.
    6.88312e+02    2.30234e+03    3.27412e+03    1.35152e+02   -1.68443e+02
          LJ-14     Coulomb-14        LJ (SR)   Coulomb (SR)   Coul. recip.
    7.16468e+02    1.18498e+04    6.40983e+04   -7.34014e+05    2.21268e+03
 Position Rest.      Potential    Kinetic En.   Total Energy  Conserved En.
    1.58091e+02   -6.48747e+05    1.20124e+05   -5.28623e+05   -6.00861e+05
    Temperature Pressure (bar)   Constr. rmsd
    3.08568e+02    3.56094e+01    1.36821e-06

           Step           Time
           4000        4.00000

   Energies (kJ/mol)
           Bond            U-B    Proper Dih.  Improper Dih.      CMAP Dih.
    7.27947e+02    2.26450e+03    3.25127e+03    1.53194e+02   -1.85999e+02
          LJ-14     Coulomb-14        LJ (SR)   Coulomb (SR)   Coul. recip.
    6.73828e+02    1.18900e+04    6.60023e+04   -7.35236e+05    2.29239e+03
 Position Rest.      Potential    Kinetic En.   Total Energy  Conserved En.
    1.57592e+02   -6.48009e+05    1.20317e+05   -5.27692e+05   -6.00858e+05
    Temperature Pressure (bar)   Constr. rmsd
    3.09062e+02    2.65746e+02    2.03708e-06

           Step           Time
           5000        5.00000

Writing checkpoint, step 5000 at Tue Jul 14 10:40:30 2026


   Energies (kJ/mol)
           Bond            U-B    Proper Dih.  Improper Dih.      CMAP Dih.
    7.15808e+02    2.42588e+03    3.21334e+03    1.37226e+02   -1.76695e+02
          LJ-14     Coulomb-14        LJ (SR)   Coulomb (SR)   Coul. recip.
    7.29267e+02    1.17054e+04    6.40020e+04   -7.34202e+05    2.34735e+03
 Position Rest.      Potential    Kinetic En.   Total Energy  Conserved En.
    1.45315e+02   -6.48958e+05    1.20830e+05   -5.28127e+05   -6.00859e+05
    Temperature Pressure (bar)   Constr. rmsd
    3.10381e+02    6.80994e+01    1.44960e-06


Energy conservation over simulation part #1 of length 5 ps, time 0 to 5 ps
  Conserved energy drift: 8.24e-03 kJ/mol/ps per atom


	<======  ###############  ==>
	<====  A V E R A G E S  ====>
	<==  ###############  ======>

	Statistics over 5001 steps using 51 frames

   Energies (kJ/mol)
           Bond            U-B    Proper Dih.  Improper Dih.      CMAP Dih.
    6.50617e+02    2.33864e+03    3.31385e+03    1.33672e+02   -2.00423e+02
          LJ-14     Coulomb-14        LJ (SR)   Coulomb (SR)   Coul. recip.
    7.18149e+02    1.17411e+04    6.54862e+04   -7.33683e+05    2.32113e+03
 Position Rest.      Potential    Kinetic En.   Total Energy  Conserved En.
    1.82569e+02   -6.46998e+05    1.17702e+05   -5.29296e+05   -6.00900e+05
    Temperature Pressure (bar)   Constr. rmsd
    3.02346e+02    2.65036e+02    0.00000e+00

   Total Virial (kJ/mol)
    3.56558e+04    1.47459e+02   -1.95111e+02
    1.47832e+02    3.53714e+04    1.17094e+02
   -1.93622e+02    1.17586e+02    3.56220e+04

   Pressure (bar)
    2.56074e+02   -7.64488e+00    1.62613e+01
   -7.67170e+00    2.78632e+02   -7.59860e+00
    1.61542e+01   -7.63397e+00    2.60402e+02


	M E G A - F L O P S   A C C O U N T I N G

 NB=Group-cutoff nonbonded kernels    NxN=N-by-N cluster Verlet kernels
 RF=Reaction-Field  VdW=Van der Waals  QSTab=quadratic-spline table
 W3=SPC/TIP3p  W4=TIP4p (single or pairs)
 V&F=Potential and force  V=Potential only  F=Force only

 Computing:                               M-Number         M-Flops  % Flops
-----------------------------------------------------------------------------
 Pair Search distance check            1360.211090       12241.900     0.1
 NxN Ewald Elec. + LJ [F]            196678.117152    12980755.732    94.1
 NxN Ewald Elec. + LJ [V&F]            2026.403584      216825.183     1.6
 NxN Ewald Elec. [F]                   1497.237984       91331.517     0.7
 NxN Ewald Elec. [V&F]                   15.417760        1295.092     0.0
 1,4 nonbonded interactions              16.323264        1469.094     0.0
 Calc Weights                           697.354443       25104.760     0.2
 Spread Q Bspline                     14876.894784       29753.790     0.2
 Gather F Bspline                     14876.894784       89261.369     0.6
 3D-FFT                               38284.305330      306274.443     2.2
 Solve PME                               18.003600        1152.230     0.0
 Reset In Box                             2.370531           7.112     0.0
 CG-CoM                                   2.417012           7.251     0.0
 Bonds                                    3.040608         179.396     0.0
 Propers                                 16.113222        3689.928     0.0
 Impropers                                1.005201         209.082     0.0
 Pos. Restr.                              0.380076          19.004     0.0
 Virial                                   2.372826          42.711     0.0
 Stop-CM                                  2.417012          24.170     0.0
 Calc-Ekin                               23.333462         630.003     0.0
 Lincs                                    3.146887         188.813     0.0
 Lincs-Mat                               18.070836          72.283     0.0
 Constraint-V                           232.222852        2090.006     0.0
 Constraint-Vir                           2.335647          56.056     0.0
 Settle                                  75.325168       27870.312     0.2
 CMAP                                     0.370074         629.126     0.0
 Urey-Bradley                            11.287257        2065.568     0.0
-----------------------------------------------------------------------------
 Total                                                13793245.929   100.0
-----------------------------------------------------------------------------


    D O M A I N   D E C O M P O S I T I O N   S T A T I S T I C S

 av. #atoms communicated per step for force:  2 x 0.0


      R E A L   C Y C L E   A N D   T I M E   A C C O U N T I N G

On 1 MPI rank, each using 24 OpenMP threads

 Activity:              Num   Num      Call    Wall time         Giga-Cycles
                        Ranks Threads  Count      (s)         total sum    %
--------------------------------------------------------------------------------
 Domain decomp.            1   24         51       0.087          5.199   0.6
 Neighbor search           1   24         51       0.143          8.571   1.0
 Force                     1   24       5001      10.494        628.629  76.4
 PME mesh                  1   24       5001       1.554         93.115  11.3
 NB X/F buffer ops.        1   24       9951       1.108         66.400   8.1
 Write traj.               1   24          6       0.106          6.336   0.8
 Update                    1   24       5001       0.099          5.927   0.7
 Constraints               1   24       5003       0.124          7.418   0.9
 Rest                                              0.023          1.353   0.2
--------------------------------------------------------------------------------
 Total                                            13.738        822.950 100.0
--------------------------------------------------------------------------------
 Breakdown of PME mesh activities
--------------------------------------------------------------------------------
 PME spread                1   24       5001       0.530         31.761   3.9
 PME gather                1   24       5001       0.396         23.709   2.9
 PME 3D-FFT                1   24      10002       0.591         35.415   4.3
 PME solve Elec            1   24       5001       0.019          1.154   0.1
--------------------------------------------------------------------------------

               Core t (s)   Wall t (s)        (%)
       Time:      329.581       13.738     2399.1
                 (ns/day)    (hour/ns)
Performance:       31.452        0.763
Finished mdrun on rank 0 Tue Jul 14 10:40:30 2026

