                      :-) GROMACS - gmx mdrun, 2023.5 (-:

Copyright 1991-2023 The GROMACS Authors.
GROMACS is free software; you can redistribute it and/or modify it
under the terms of the GNU Lesser General Public License
as published by the Free Software Foundation; either version 2.1
of the License, or (at your option) any later version.

                         Current GROMACS contributors:
       Mark Abraham           Andrey Alekseenko           Cathrine Bergh      
      Christian Blau            Eliane Briand             Mahesh Doijade      
    Stefan Fleischmann           Vytas Gapsys              Gaurav Garg        
      Sergey Gorelov         Gilles Gouaillardet            Alan Gray         
     M. Eric Irrgang         Farzaneh Jalalypour            Joe Jordan        
    Christoph Junghans        Prashanth Kanduri          Sebastian Keller     
     Carsten Kutzner           Justin A. Lemkul          Magnus Lundborg      
       Pascal Merz              Vedran Miletic            Dmitry Morozov      
       Szilard Pall             Roland Schulz             Michael Shirts      
     Alexey Shvetsov            Balint Soproni         David van der Spoel    
      Philip Turner             Carsten Uphoff           Alessandra Villa     
 Sebastian Wingbermuehle        Artem Zhmurov       

                         Previous GROMACS contributors:
        Emile Apol             Rossen Apostolov           James Barnett       
  Herman J.C. Berendsen          Par Bjelkmar           Viacheslav Bolnykh    
        Kevin Boyd            Aldert van Buuren          Carlo Camilloni      
     Rudi van Drunen            Anton Feenstra           Oliver Fleetwood     
     Gerrit Groenhof            Bert de Groot             Anca Hamuraru       
    Vincent Hindriksen          Victor Holanda           Aleksei Iupinov      
   Dimitrios Karkoulis           Peter Kasson             Sebastian Kehl      
        Jiri Kraus               Per Larsson              Viveca Lindahl      
      Erik Marklund           Pieter Meulenhoff           Teemu Murtola       
       Sander Pronk             Alfons Sijbers            Peter Tieleman      
       Jon Vincent             Teemu Virolainen         Christian Wennberg    
       Maarten Wolf       

                  Coordinated by the GROMACS project leaders:
                    Paul Bauer, Berk Hess, and Erik Lindahl

GROMACS:      gmx mdrun, version 2023.5
Executable:   /storage/chem/lfsmgr/SRG/GROMACS2/2023.5/bin/gmx
Data prefix:  /storage/chem/lfsmgr/SRG/GROMACS2/2023.5
Working dir:  /storage/lfsmgr_grp/mzsrjr/cg2at-lite/example/4QWP_oldM3/CG2AT_2026-07-15_11-12-45/W/MIN
Process ID:   572706
Command line:
  gmx mdrun -ntmpi 1 -v -pin on -deffnm W_merged_min -c ../W_merged.pdb

GROMACS version:    2023.5
Precision:          mixed
Memory model:       64 bit
MPI library:        thread_mpi
OpenMP support:     enabled (GMX_OPENMP_MAX_THREADS = 128)
GPU support:        CUDA
NB cluster size:    8
SIMD instructions:  AVX2_256
CPU FFT library:    fftw-3.3.8-sse2-avx-avx2-avx2_128
GPU FFT library:    cuFFT
Multi-GPU FFT:      none
RDTSCP usage:       enabled
TNG support:        enabled
Hwloc support:      disabled
Tracing support:    disabled
C compiler:         /usr/bin/cc GNU 11.4.1
C compiler flags:   -fexcess-precision=fast -funroll-all-loops -mavx2 -mfma -Wno-missing-field-initializers -O3 -DNDEBUG
C++ compiler:       /usr/bin/c++ GNU 11.4.1
C++ compiler flags: -fexcess-precision=fast -funroll-all-loops -mavx2 -mfma -Wno-missing-field-initializers -Wno-cast-function-type-strict -fopenmp -O3 -DNDEBUG
BLAS library:       External - detected on the system
LAPACK library:     External - detected on the system
CUDA compiler:      /software/easybuild/software/CUDA/12.5.0/bin/nvcc nvcc: NVIDIA (R) Cuda compiler driver;Copyright (c) 2005-2024 NVIDIA Corporation;Built on Wed_Apr_17_19:19:55_PDT_2024;Cuda compilation tools, release 12.5, V12.5.40;Build cuda_12.5.r12.5/compiler.34177558_0
CUDA compiler flags:-std=c++17;--generate-code=arch=compute_50,code=sm_50;--generate-code=arch=compute_52,code=sm_52;--generate-code=arch=compute_60,code=sm_60;--generate-code=arch=compute_61,code=sm_61;--generate-code=arch=compute_70,code=sm_70;--generate-code=arch=compute_75,code=sm_75;--generate-code=arch=compute_80,code=sm_80;--generate-code=arch=compute_86,code=sm_86;--generate-code=arch=compute_89,code=sm_89;--generate-code=arch=compute_90,code=sm_90;-Wno-deprecated-gpu-targets;--generate-code=arch=compute_53,code=sm_53;--generate-code=arch=compute_80,code=sm_80;-use_fast_math;-Xptxas;-warn-double-usage;-Xptxas;-Werror;-D_FORCE_INLINES;-fexcess-precision=fast -funroll-all-loops -mavx2 -mfma -Wno-missing-field-initializers -Wno-cast-function-type-strict -fopenmp -O3 -DNDEBUG
CUDA driver:        13.0
CUDA runtime:       12.50


Running on 1 node with total 24 cores, 24 processing units, 0 compatible GPUs
Hardware detected on host srgist2.scrtp.warwick.ac.uk:
  CPU info:
    Vendor: Intel
    Brand:  Intel(R) Core(TM) Ultra 9 285
    Family: 6   Model: 198   Stepping: 2
    Features: aes apic avx avx2 clfsh cmov cx8 cx16 f16c fma htt intel lahf mmx msr nonstop_tsc pcid pclmuldq pdcm pdpe1gb popcnt pse rdrnd rdtscp sha sse2 sse3 sse4.1 sse4.2 ssse3 tdt x2apic
  Hardware topology: Basic
    Packages, cores, and logical processors:
    [indices refer to OS logical processors]
      Package  0: [   0] [   1] [   2] [   3] [   4] [   5] [   6] [   7] [   8] [   9] [  10] [  11] [  12] [  13] [  14] [  15] [  16] [  17] [  18] [  19] [  20] [  21] [  22] [  23]
    CPU limit set by OS: -1   Recommended max number of threads: 24
  GPU info:
    Number of GPUs detected: 1
    #0: N/A, stat: non-functional


++++ PLEASE READ AND CITE THE FOLLOWING REFERENCE ++++
M. J. Abraham, T. Murtola, R. Schulz, S. Páll, J. C. Smith, B. Hess, E.
Lindahl
GROMACS: High performance molecular simulations through multi-level
parallelism from laptops to supercomputers
SoftwareX 1 (2015) pp. 19-25
-------- -------- --- Thank You --- -------- --------


++++ PLEASE READ AND CITE THE FOLLOWING REFERENCE ++++
S. Páll, M. J. Abraham, C. Kutzner, B. Hess, E. Lindahl
Tackling Exascale Software Challenges in Molecular Dynamics Simulations with
GROMACS
In S. Markidis & E. Laure (Eds.), Solving Software Challenges for Exascale 8759 (2015) pp. 3-27
-------- -------- --- Thank You --- -------- --------


++++ PLEASE READ AND CITE THE FOLLOWING REFERENCE ++++
S. Pronk, S. Páll, R. Schulz, P. Larsson, P. Bjelkmar, R. Apostolov, M. R.
Shirts, J. C. Smith, P. M. Kasson, D. van der Spoel, B. Hess, and E. Lindahl
GROMACS 4.5: a high-throughput and highly parallel open source molecular
simulation toolkit
Bioinformatics 29 (2013) pp. 845-54
-------- -------- --- Thank You --- -------- --------


++++ PLEASE READ AND CITE THE FOLLOWING REFERENCE ++++
B. Hess and C. Kutzner and D. van der Spoel and E. Lindahl
GROMACS 4: Algorithms for highly efficient, load-balanced, and scalable
molecular simulation
J. Chem. Theory Comput. 4 (2008) pp. 435-447
-------- -------- --- Thank You --- -------- --------


++++ PLEASE READ AND CITE THE FOLLOWING REFERENCE ++++
D. van der Spoel, E. Lindahl, B. Hess, G. Groenhof, A. E. Mark and H. J. C.
Berendsen
GROMACS: Fast, Flexible and Free
J. Comp. Chem. 26 (2005) pp. 1701-1719
-------- -------- --- Thank You --- -------- --------


++++ PLEASE READ AND CITE THE FOLLOWING REFERENCE ++++
E. Lindahl and B. Hess and D. van der Spoel
GROMACS 3.0: A package for molecular simulation and trajectory analysis
J. Mol. Mod. 7 (2001) pp. 306-317
-------- -------- --- Thank You --- -------- --------


++++ PLEASE READ AND CITE THE FOLLOWING REFERENCE ++++
H. J. C. Berendsen, D. van der Spoel and R. van Drunen
GROMACS: A message-passing parallel molecular dynamics implementation
Comp. Phys. Comm. 91 (1995) pp. 43-56
-------- -------- --- Thank You --- -------- --------


++++ PLEASE CITE THE DOI FOR THIS VERSION OF GROMACS ++++
https://doi.org/10.5281/zenodo.11104849
-------- -------- --- Thank You --- -------- --------

Input Parameters:
   integrator                     = steep
   tinit                          = 0
   dt                             = 0.001
   nsteps                         = 20000
   init-step                      = 0
   simulation-part                = 1
   mts                            = false
   comm-mode                      = Linear
   nstcomm                        = 100
   bd-fric                        = 0
   ld-seed                        = -956711041
   emtol                          = 750
   emstep                         = 0.001
   niter                          = 20
   fcstep                         = 0
   nstcgsteep                     = 1000
   nbfgscorr                      = 10
   rtpi                           = 0.05
   nstxout                        = 0
   nstvout                        = 0
   nstfout                        = 0
   nstlog                         = 1000
   nstcalcenergy                  = 100
   nstenergy                      = 1000
   nstxout-compressed             = 0
   compressed-x-precision         = 1000
   cutoff-scheme                  = Verlet
   nstlist                        = 10
   pbc                            = xyz
   periodic-molecules             = false
   verlet-buffer-tolerance        = 0.005
   rlist                          = 1.05
   coulombtype                    = Cut-off
   coulomb-modifier               = Potential-shift
   rcoulomb-switch                = 0
   rcoulomb                       = 1
   epsilon-r                      = 1
   epsilon-rf                     = inf
   vdw-type                       = Cut-off
   vdw-modifier                   = Potential-shift
   rvdw-switch                    = 0
   rvdw                           = 1
   DispCorr                       = No
   table-extension                = 1
   fourierspacing                 = 0.12
   fourier-nx                     = 0
   fourier-ny                     = 0
   fourier-nz                     = 0
   pme-order                      = 4
   ewald-rtol                     = 1e-05
   ewald-rtol-lj                  = 0.001
   lj-pme-comb-rule               = Geometric
   ewald-geometry                 = 3d
   epsilon-surface                = 0
   ensemble-temperature-setting   = not available
   ensemble-temperature           = -1
   tcoupl                         = No
   nsttcouple                     = -1
   nh-chain-length                = 0
   print-nose-hoover-chain-variables = false
   pcoupl                         = No
   pcoupltype                     = Isotropic
   nstpcouple                     = -1
   tau-p                          = 1
   compressibility (3x3):
      compressibility[    0]={ 0.00000e+00,  0.00000e+00,  0.00000e+00}
      compressibility[    1]={ 0.00000e+00,  0.00000e+00,  0.00000e+00}
      compressibility[    2]={ 0.00000e+00,  0.00000e+00,  0.00000e+00}
   ref-p (3x3):
      ref-p[    0]={ 0.00000e+00,  0.00000e+00,  0.00000e+00}
      ref-p[    1]={ 0.00000e+00,  0.00000e+00,  0.00000e+00}
      ref-p[    2]={ 0.00000e+00,  0.00000e+00,  0.00000e+00}
   refcoord-scaling               = No
   posres-com (3):
      posres-com[0]= 0.00000e+00
      posres-com[1]= 0.00000e+00
      posres-com[2]= 0.00000e+00
   posres-comB (3):
      posres-comB[0]= 0.00000e+00
      posres-comB[1]= 0.00000e+00
      posres-comB[2]= 0.00000e+00
   QMMM                           = false
qm-opts:
   ngQM                           = 0
   constraint-algorithm           = Lincs
   continuation                   = false
   Shake-SOR                      = false
   shake-tol                      = 0.0001
   lincs-order                    = 4
   lincs-iter                     = 1
   lincs-warnangle                = 30
   nwall                          = 0
   wall-type                      = 9-3
   wall-r-linpot                  = -1
   wall-atomtype[0]               = -1
   wall-atomtype[1]               = -1
   wall-density[0]                = 0
   wall-density[1]                = 0
   wall-ewald-zfac                = 3
   pull                           = false
   awh                            = false
   rotation                       = false
   interactiveMD                  = false
   disre                          = No
   disre-weighting                = Conservative
   disre-mixed                    = false
   dr-fc                          = 1000
   dr-tau                         = 0
   nstdisreout                    = 100
   orire-fc                       = 0
   orire-tau                      = 0
   nstorireout                    = 100
   free-energy                    = no
   cos-acceleration               = 0
   deform (3x3):
      deform[    0]={ 0.00000e+00,  0.00000e+00,  0.00000e+00}
      deform[    1]={ 0.00000e+00,  0.00000e+00,  0.00000e+00}
      deform[    2]={ 0.00000e+00,  0.00000e+00,  0.00000e+00}
   simulated-tempering            = false
   swapcoords                     = no
   userint1                       = 0
   userint2                       = 0
   userint3                       = 0
   userint4                       = 0
   userreal1                      = 0
   userreal2                      = 0
   userreal3                      = 0
   userreal4                      = 0
   applied-forces:
     electric-field:
       x:
         E0                       = 0
         omega                    = 0
         t0                       = 0
         sigma                    = 0
       y:
         E0                       = 0
         omega                    = 0
         t0                       = 0
         sigma                    = 0
       z:
         E0                       = 0
         omega                    = 0
         t0                       = 0
         sigma                    = 0
     density-guided-simulation:
       active                     = false
       group                      = protein
       similarity-measure         = inner-product
       atom-spreading-weight      = unity
       force-constant             = 1e+09
       gaussian-transform-spreading-width = 0.2
       gaussian-transform-spreading-range-in-multiples-of-width = 4
       reference-density-filename = reference.mrc
       nst                        = 1
       normalize-densities        = true
       adaptive-force-scaling     = false
       adaptive-force-scaling-time-constant = 4
       shift-vector               = 
       transformation-matrix      = 
     qmmm-cp2k:
       active                     = false
       qmgroup                    = System
       qmmethod                   = PBE
       qmfilenames                = 
       qmcharge                   = 0
       qmmultiplicity             = 1
grpopts:
   nrdf:      146109
   ref-t:           0
   tau-t:           0
annealing:          No
annealing-npoints:           0
   acc:	           0           0           0
   nfreeze:           N           N           N
   energygrp-flags[  0]: 0

When checking whether update groups are usable:
  Domain decomposition is not active, so there is no need for update groups
Using 1 MPI thread
Using 24 OpenMP threads 

System total charge: 0.000
Potential shift: LJ r^-12: -1.000e+00 r^-6: -1.000e+00, Coulomb -1e+00


Using SIMD 4x8 nonbonded short-range kernels

Using a 4x8 pair-list setup:
  updated every 10 steps, buffer 0.050 nm, rlist 1.050 nm

Using Lorentz-Berthelot Lennard-Jones combination rule
Removing pbc first time

Pinning threads with an auto-selected logical cpu stride of 1

++++ PLEASE READ AND CITE THE FOLLOWING REFERENCE ++++
S. Miyamoto and P. A. Kollman
SETTLE: An Analytical Version of the SHAKE and RATTLE Algorithms for Rigid
Water Models
J. Comp. Chem. 13 (1992) pp. 952-962
-------- -------- --- Thank You --- -------- --------


Note that activating steepest-descent energy minimization via the integrator .mdp option and the command gmx mdrun may be available in a different form in a future version of GROMACS, e.g. gmx minimize and an .mdp option.
Initiating Steepest Descents
Started Steepest Descents on rank 0 Wed Jul 15 12:12:53 2026


Steepest Descents:
   Tolerance (Fmax)   =  7.50000e+02
   Number of steps    =        20000
           Step           Time
              0        0.00000

   Energies (kJ/mol)
        LJ (SR)   Coulomb (SR)      Potential Pressure (bar)
    2.67433e+06   -1.06370e+06    1.61063e+06    2.27511e+05

           Step           Time
              1        1.00000

   Energies (kJ/mol)
        LJ (SR)   Coulomb (SR)      Potential Pressure (bar)
    2.66721e+06   -1.06285e+06    1.60436e+06    2.26799e+05

           Step           Time
              2        2.00000

   Energies (kJ/mol)
        LJ (SR)   Coulomb (SR)      Potential Pressure (bar)
    2.65760e+06   -1.06165e+06    1.59594e+06    2.25864e+05

           Step           Time
              3        3.00000

   Energies (kJ/mol)
        LJ (SR)   Coulomb (SR)      Potential Pressure (bar)
    2.64517e+06   -1.06003e+06    1.58514e+06    2.24703e+05

           Step           Time
              4        4.00000

   Energies (kJ/mol)
        LJ (SR)   Coulomb (SR)      Potential Pressure (bar)
    2.62867e+06   -1.05780e+06    1.57088e+06    2.23187e+05

           Step           Time
              5        5.00000

   Energies (kJ/mol)
        LJ (SR)   Coulomb (SR)      Potential Pressure (bar)
    2.60609e+06   -1.05463e+06    1.55146e+06    2.21098e+05

           Step           Time
              6        6.00000

   Energies (kJ/mol)
        LJ (SR)   Coulomb (SR)      Potential Pressure (bar)
    2.57410e+06   -1.04999e+06    1.52411e+06    2.18224e+05

           Step           Time
              7        7.00000

   Energies (kJ/mol)
        LJ (SR)   Coulomb (SR)      Potential Pressure (bar)
    2.52673e+06   -1.04288e+06    1.48385e+06    2.14062e+05

           Step           Time
              8        8.00000

   Energies (kJ/mol)
        LJ (SR)   Coulomb (SR)      Potential Pressure (bar)
    2.45215e+06   -1.03130e+06    1.42085e+06    2.07487e+05

           Step           Time
              9        9.00000

   Energies (kJ/mol)
        LJ (SR)   Coulomb (SR)      Potential Pressure (bar)
    2.32157e+06   -1.01019e+06    1.31137e+06    1.96144e+05

           Step           Time
             10       10.00000

   Energies (kJ/mol)
        LJ (SR)   Coulomb (SR)      Potential Pressure (bar)
    2.10022e+06   -9.72757e+05    1.12746e+06    1.77187e+05

           Step           Time
             11       11.00000

   Energies (kJ/mol)
        LJ (SR)   Coulomb (SR)      Potential Pressure (bar)
    1.75204e+06   -9.11323e+05    8.40715e+05    1.47621e+05

           Step           Time
             12       12.00000

   Energies (kJ/mol)
        LJ (SR)   Coulomb (SR)      Potential Pressure (bar)
    1.36778e+06   -8.46285e+05    5.21495e+05    1.15217e+05

           Step           Time
             13       13.00000

   Energies (kJ/mol)
        LJ (SR)   Coulomb (SR)      Potential Pressure (bar)
    1.06689e+06   -8.12056e+05    2.54835e+05    8.96612e+04

           Step           Time
             14       14.00000

   Energies (kJ/mol)
        LJ (SR)   Coulomb (SR)      Potential Pressure (bar)
    8.50355e+05   -8.13939e+05    3.64161e+04    7.08460e+04

           Step           Time
             15       15.00000

   Energies (kJ/mol)
        LJ (SR)   Coulomb (SR)      Potential Pressure (bar)
    7.50679e+05   -8.33910e+05   -8.32310e+04    6.18014e+04

           Step           Time
             16       16.00000

   Energies (kJ/mol)
        LJ (SR)   Coulomb (SR)      Potential Pressure (bar)
    7.04367e+05   -8.48372e+05   -1.44005e+05    5.73991e+04

           Step           Time
             17       17.00000

   Energies (kJ/mol)
        LJ (SR)   Coulomb (SR)      Potential Pressure (bar)
    6.23478e+05   -8.78276e+05   -2.54798e+05    4.98043e+04

           Step           Time
             18       18.00000

   Energies (kJ/mol)
        LJ (SR)   Coulomb (SR)      Potential Pressure (bar)
    6.00291e+05   -8.89105e+05   -2.88815e+05    4.76340e+04

           Step           Time
             19       19.00000

   Energies (kJ/mol)
        LJ (SR)   Coulomb (SR)      Potential Pressure (bar)
    5.43123e+05   -9.17158e+05   -3.74035e+05    4.21151e+04

           Step           Time
             20       20.00000

   Energies (kJ/mol)
        LJ (SR)   Coulomb (SR)      Potential Pressure (bar)
    5.25120e+05   -9.26496e+05   -4.01377e+05    4.03914e+04

           Step           Time
             21       21.00000

   Energies (kJ/mol)
        LJ (SR)   Coulomb (SR)      Potential Pressure (bar)
    4.93211e+05   -9.43820e+05   -4.50609e+05    3.73220e+04

           Step           Time
             22       22.00000

   Energies (kJ/mol)
        LJ (SR)   Coulomb (SR)      Potential Pressure (bar)
    4.70983e+05   -9.55432e+05   -4.84448e+05    3.51172e+04

           Step           Time
             23       23.00000

   Energies (kJ/mol)
        LJ (SR)   Coulomb (SR)      Potential Pressure (bar)
    4.57930e+05   -9.62576e+05   -5.04646e+05    3.38333e+04


step 24: One or more water molecules can not be settled.
Check for bad contacts and/or reduce the timestep if appropriate.
           Step           Time
             24       24.00000

           Step           Time
             25       25.00000

   Energies (kJ/mol)
        LJ (SR)   Coulomb (SR)      Potential Pressure (bar)
    4.38718e+05   -9.72482e+05   -5.33764e+05    3.19393e+04

           Step           Time
             26       26.00000

   Energies (kJ/mol)
        LJ (SR)   Coulomb (SR)      Potential Pressure (bar)
    2.90924e+05   -1.02421e+06   -7.33287e+05    1.83291e+04

           Step           Time
             27       27.00000

   Energies (kJ/mol)
        LJ (SR)   Coulomb (SR)      Potential Pressure (bar)
    2.61682e+05   -1.03088e+06   -7.69195e+05    1.55739e+04


step 28: One or more water molecules can not be settled.
Check for bad contacts and/or reduce the timestep if appropriate.
           Step           Time
             28       28.00000

           Step           Time
             29       29.00000

   Energies (kJ/mol)
        LJ (SR)   Coulomb (SR)      Potential Pressure (bar)
    2.58583e+05   -1.03695e+06   -7.78371e+05    1.51927e+04

           Step           Time
             30       30.00000

   Energies (kJ/mol)
        LJ (SR)   Coulomb (SR)      Potential Pressure (bar)
    2.39058e+05   -1.06836e+06   -8.29301e+05    1.32561e+04

           Step           Time
             31       31.00000

   Energies (kJ/mol)
        LJ (SR)   Coulomb (SR)      Potential Pressure (bar)
    2.26522e+05   -1.07095e+06   -8.44430e+05    1.20711e+04

           Step           Time
             32       32.00000

   Energies (kJ/mol)
        LJ (SR)   Coulomb (SR)      Potential Pressure (bar)
    2.15352e+05   -1.08747e+06   -8.72120e+05    1.09006e+04


step 33: One or more water molecules can not be settled.
Check for bad contacts and/or reduce the timestep if appropriate.
           Step           Time
             33       33.00000

           Step           Time
             34       34.00000

   Energies (kJ/mol)
        LJ (SR)   Coulomb (SR)      Potential Pressure (bar)
    2.11840e+05   -1.08920e+06   -8.77364e+05    1.05801e+04

           Step           Time
             35       35.00000

   Energies (kJ/mol)
        LJ (SR)   Coulomb (SR)      Potential Pressure (bar)
    2.03263e+05   -1.09712e+06   -8.93855e+05    9.88528e+03

           Step           Time
             36       36.00000

   Energies (kJ/mol)
        LJ (SR)   Coulomb (SR)      Potential Pressure (bar)
    1.99634e+05   -1.10915e+06   -9.09516e+05    9.45671e+03

           Step           Time
             37       37.00000

   Energies (kJ/mol)
        LJ (SR)   Coulomb (SR)      Potential Pressure (bar)
    1.93338e+05   -1.11200e+06   -9.18657e+05    8.84510e+03


step 38: One or more water molecules can not be settled.
Check for bad contacts and/or reduce the timestep if appropriate.
           Step           Time
             38       38.00000

           Step           Time
             39       39.00000

   Energies (kJ/mol)
        LJ (SR)   Coulomb (SR)      Potential Pressure (bar)
    1.90368e+05   -1.11702e+06   -9.26654e+05    8.58929e+03

           Step           Time
             40       40.00000

   Energies (kJ/mol)
        LJ (SR)   Coulomb (SR)      Potential Pressure (bar)
    1.84455e+05   -1.12636e+06   -9.41907e+05    7.94322e+03

           Step           Time
             41       41.00000

   Energies (kJ/mol)
        LJ (SR)   Coulomb (SR)      Potential Pressure (bar)
    1.81355e+05   -1.13218e+06   -9.50823e+05    7.66768e+03

           Step           Time
             42       42.00000

   Energies (kJ/mol)
        LJ (SR)   Coulomb (SR)      Potential Pressure (bar)
    1.78751e+05   -1.13665e+06   -9.57902e+05    7.34789e+03


step 43: One or more water molecules can not be settled.
Check for bad contacts and/or reduce the timestep if appropriate.
           Step           Time
             43       43.00000

           Step           Time
             44       44.00000

   Energies (kJ/mol)
        LJ (SR)   Coulomb (SR)      Potential Pressure (bar)
    1.77615e+05   -1.13874e+06   -9.61128e+05    7.16356e+03

           Step           Time
             45       45.00000

   Energies (kJ/mol)
        LJ (SR)   Coulomb (SR)      Potential Pressure (bar)
    1.71631e+05   -1.15011e+06   -9.78479e+05    6.36706e+03

           Step           Time
             46       46.00000

   Energies (kJ/mol)
        LJ (SR)   Coulomb (SR)      Potential Pressure (bar)
    1.68066e+05   -1.15618e+06   -9.88117e+05    6.07235e+03

           Step           Time
             47       47.00000

   Energies (kJ/mol)
        LJ (SR)   Coulomb (SR)      Potential Pressure (bar)
    1.66188e+05   -1.15990e+06   -9.93715e+05    5.85156e+03


step 48: One or more water molecules can not be settled.
Check for bad contacts and/or reduce the timestep if appropriate.
           Step           Time
             48       48.00000

           Step           Time
             49       49.00000

   Energies (kJ/mol)
        LJ (SR)   Coulomb (SR)      Potential Pressure (bar)
    1.64080e+05   -1.16539e+06   -1.00131e+06    5.57668e+03

           Step           Time
             50       50.00000

   Energies (kJ/mol)
        LJ (SR)   Coulomb (SR)      Potential Pressure (bar)
    1.61517e+05   -1.17069e+06   -1.00917e+06    5.31979e+03

           Step           Time
             51       51.00000

   Energies (kJ/mol)
        LJ (SR)   Coulomb (SR)      Potential Pressure (bar)
    1.60585e+05   -1.17690e+06   -1.01631e+06    5.15488e+03

           Step           Time
             52       52.00000

   Energies (kJ/mol)
        LJ (SR)   Coulomb (SR)      Potential Pressure (bar)
    1.58032e+05   -1.17944e+06   -1.02141e+06    4.86858e+03


step 53: One or more water molecules can not be settled.
Check for bad contacts and/or reduce the timestep if appropriate.
           Step           Time
             53       53.00000

           Step           Time
             54       54.00000

   Energies (kJ/mol)
        LJ (SR)   Coulomb (SR)      Potential Pressure (bar)
    1.55545e+05   -1.18525e+06   -1.02971e+06    4.41280e+03

           Step           Time
             55       55.00000

   Energies (kJ/mol)
        LJ (SR)   Coulomb (SR)      Potential Pressure (bar)
    1.53565e+05   -1.19000e+06   -1.03643e+06    4.19189e+03


step 56: One or more water molecules can not be settled.
Check for bad contacts and/or reduce the timestep if appropriate.
           Step           Time
             56       56.00000

           Step           Time
             57       57.00000

   Energies (kJ/mol)
        LJ (SR)   Coulomb (SR)      Potential Pressure (bar)
    1.52572e+05   -1.19322e+06   -1.04065e+06    4.05118e+03


Steepest Descents converged to Fmax < 750 in 58 steps
Potential Energy  = -1.0406530e+06
Maximum force     =  4.8620068e+02 on atom 67261
Norm of force     =  8.1043101e+01
Finished mdrun on rank 0 Wed Jul 15 12:12:54 2026

