                      :-) GROMACS - gmx mdrun, 2023.5 (-:

Copyright 1991-2023 The GROMACS Authors.
GROMACS is free software; you can redistribute it and/or modify it
under the terms of the GNU Lesser General Public License
as published by the Free Software Foundation; either version 2.1
of the License, or (at your option) any later version.

                         Current GROMACS contributors:
       Mark Abraham           Andrey Alekseenko           Cathrine Bergh      
      Christian Blau            Eliane Briand             Mahesh Doijade      
    Stefan Fleischmann           Vytas Gapsys              Gaurav Garg        
      Sergey Gorelov         Gilles Gouaillardet            Alan Gray         
     M. Eric Irrgang         Farzaneh Jalalypour            Joe Jordan        
    Christoph Junghans        Prashanth Kanduri          Sebastian Keller     
     Carsten Kutzner           Justin A. Lemkul          Magnus Lundborg      
       Pascal Merz              Vedran Miletic            Dmitry Morozov      
       Szilard Pall             Roland Schulz             Michael Shirts      
     Alexey Shvetsov            Balint Soproni         David van der Spoel    
      Philip Turner             Carsten Uphoff           Alessandra Villa     
 Sebastian Wingbermuehle        Artem Zhmurov       

                         Previous GROMACS contributors:
        Emile Apol             Rossen Apostolov           James Barnett       
  Herman J.C. Berendsen          Par Bjelkmar           Viacheslav Bolnykh    
        Kevin Boyd            Aldert van Buuren          Carlo Camilloni      
     Rudi van Drunen            Anton Feenstra           Oliver Fleetwood     
     Gerrit Groenhof            Bert de Groot             Anca Hamuraru       
    Vincent Hindriksen          Victor Holanda           Aleksei Iupinov      
   Dimitrios Karkoulis           Peter Kasson             Sebastian Kehl      
        Jiri Kraus               Per Larsson              Viveca Lindahl      
      Erik Marklund           Pieter Meulenhoff           Teemu Murtola       
       Sander Pronk             Alfons Sijbers            Peter Tieleman      
       Jon Vincent             Teemu Virolainen         Christian Wennberg    
       Maarten Wolf       

                  Coordinated by the GROMACS project leaders:
                    Paul Bauer, Berk Hess, and Erik Lindahl

GROMACS:      gmx mdrun, version 2023.5
Executable:   /storage/chem/lfsmgr/SRG/GROMACS2/2023.5/bin/gmx
Data prefix:  /storage/chem/lfsmgr/SRG/GROMACS2/2023.5
Working dir:  /storage/lfsmgr_grp/mzsrjr/cg2at-lite/example/1UBQ/CG2AT_2026-07-14_09-40-00/PROTEIN/MIN
Process ID:   212429
Command line:
  gmx mdrun -ntmpi 1 -v -deffnm PROTEIN_de_novo_0 -c PROTEIN_de_novo_0.pdb

GROMACS version:    2023.5
Precision:          mixed
Memory model:       64 bit
MPI library:        thread_mpi
OpenMP support:     enabled (GMX_OPENMP_MAX_THREADS = 128)
GPU support:        CUDA
NB cluster size:    8
SIMD instructions:  AVX2_256
CPU FFT library:    fftw-3.3.8-sse2-avx-avx2-avx2_128
GPU FFT library:    cuFFT
Multi-GPU FFT:      none
RDTSCP usage:       enabled
TNG support:        enabled
Hwloc support:      disabled
Tracing support:    disabled
C compiler:         /usr/bin/cc GNU 11.4.1
C compiler flags:   -fexcess-precision=fast -funroll-all-loops -mavx2 -mfma -Wno-missing-field-initializers -O3 -DNDEBUG
C++ compiler:       /usr/bin/c++ GNU 11.4.1
C++ compiler flags: -fexcess-precision=fast -funroll-all-loops -mavx2 -mfma -Wno-missing-field-initializers -Wno-cast-function-type-strict -fopenmp -O3 -DNDEBUG
BLAS library:       External - detected on the system
LAPACK library:     External - detected on the system
CUDA compiler:      /software/easybuild/software/CUDA/12.5.0/bin/nvcc nvcc: NVIDIA (R) Cuda compiler driver;Copyright (c) 2005-2024 NVIDIA Corporation;Built on Wed_Apr_17_19:19:55_PDT_2024;Cuda compilation tools, release 12.5, V12.5.40;Build cuda_12.5.r12.5/compiler.34177558_0
CUDA compiler flags:-std=c++17;--generate-code=arch=compute_50,code=sm_50;--generate-code=arch=compute_52,code=sm_52;--generate-code=arch=compute_60,code=sm_60;--generate-code=arch=compute_61,code=sm_61;--generate-code=arch=compute_70,code=sm_70;--generate-code=arch=compute_75,code=sm_75;--generate-code=arch=compute_80,code=sm_80;--generate-code=arch=compute_86,code=sm_86;--generate-code=arch=compute_89,code=sm_89;--generate-code=arch=compute_90,code=sm_90;-Wno-deprecated-gpu-targets;--generate-code=arch=compute_53,code=sm_53;--generate-code=arch=compute_80,code=sm_80;-use_fast_math;-Xptxas;-warn-double-usage;-Xptxas;-Werror;-D_FORCE_INLINES;-fexcess-precision=fast -funroll-all-loops -mavx2 -mfma -Wno-missing-field-initializers -Wno-cast-function-type-strict -fopenmp -O3 -DNDEBUG
CUDA driver:        13.0
CUDA runtime:       12.50


Running on 1 node with total 24 cores, 24 processing units, 0 compatible GPUs
Hardware detected on host srgist2.scrtp.warwick.ac.uk:
  CPU info:
    Vendor: Intel
    Brand:  Intel(R) Core(TM) Ultra 9 285
    Family: 6   Model: 198   Stepping: 2
    Features: aes apic avx avx2 clfsh cmov cx8 cx16 f16c fma htt intel lahf mmx msr nonstop_tsc pcid pclmuldq pdcm pdpe1gb popcnt pse rdrnd rdtscp sha sse2 sse3 sse4.1 sse4.2 ssse3 tdt x2apic
  Hardware topology: Basic
    Packages, cores, and logical processors:
    [indices refer to OS logical processors]
      Package  0: [   0] [   1] [   2] [   3] [   4] [   5] [   6] [   7] [   8] [   9] [  10] [  11] [  12] [  13] [  14] [  15] [  16] [  17] [  18] [  19] [  20] [  21] [  22] [  23]
    CPU limit set by OS: -1   Recommended max number of threads: 24
  GPU info:
    Number of GPUs detected: 1
    #0: N/A, stat: non-functional


++++ PLEASE READ AND CITE THE FOLLOWING REFERENCE ++++
M. J. Abraham, T. Murtola, R. Schulz, S. Páll, J. C. Smith, B. Hess, E.
Lindahl
GROMACS: High performance molecular simulations through multi-level
parallelism from laptops to supercomputers
SoftwareX 1 (2015) pp. 19-25
-------- -------- --- Thank You --- -------- --------


++++ PLEASE READ AND CITE THE FOLLOWING REFERENCE ++++
S. Páll, M. J. Abraham, C. Kutzner, B. Hess, E. Lindahl
Tackling Exascale Software Challenges in Molecular Dynamics Simulations with
GROMACS
In S. Markidis & E. Laure (Eds.), Solving Software Challenges for Exascale 8759 (2015) pp. 3-27
-------- -------- --- Thank You --- -------- --------


++++ PLEASE READ AND CITE THE FOLLOWING REFERENCE ++++
S. Pronk, S. Páll, R. Schulz, P. Larsson, P. Bjelkmar, R. Apostolov, M. R.
Shirts, J. C. Smith, P. M. Kasson, D. van der Spoel, B. Hess, and E. Lindahl
GROMACS 4.5: a high-throughput and highly parallel open source molecular
simulation toolkit
Bioinformatics 29 (2013) pp. 845-54
-------- -------- --- Thank You --- -------- --------


++++ PLEASE READ AND CITE THE FOLLOWING REFERENCE ++++
B. Hess and C. Kutzner and D. van der Spoel and E. Lindahl
GROMACS 4: Algorithms for highly efficient, load-balanced, and scalable
molecular simulation
J. Chem. Theory Comput. 4 (2008) pp. 435-447
-------- -------- --- Thank You --- -------- --------


++++ PLEASE READ AND CITE THE FOLLOWING REFERENCE ++++
D. van der Spoel, E. Lindahl, B. Hess, G. Groenhof, A. E. Mark and H. J. C.
Berendsen
GROMACS: Fast, Flexible and Free
J. Comp. Chem. 26 (2005) pp. 1701-1719
-------- -------- --- Thank You --- -------- --------


++++ PLEASE READ AND CITE THE FOLLOWING REFERENCE ++++
E. Lindahl and B. Hess and D. van der Spoel
GROMACS 3.0: A package for molecular simulation and trajectory analysis
J. Mol. Mod. 7 (2001) pp. 306-317
-------- -------- --- Thank You --- -------- --------


++++ PLEASE READ AND CITE THE FOLLOWING REFERENCE ++++
H. J. C. Berendsen, D. van der Spoel and R. van Drunen
GROMACS: A message-passing parallel molecular dynamics implementation
Comp. Phys. Comm. 91 (1995) pp. 43-56
-------- -------- --- Thank You --- -------- --------


++++ PLEASE CITE THE DOI FOR THIS VERSION OF GROMACS ++++
https://doi.org/10.5281/zenodo.11104849
-------- -------- --- Thank You --- -------- --------

Input Parameters:
   integrator                     = steep
   tinit                          = 0
   dt                             = 0.001
   nsteps                         = 20000
   init-step                      = 0
   simulation-part                = 1
   mts                            = false
   comm-mode                      = Linear
   nstcomm                        = 100
   bd-fric                        = 0
   ld-seed                        = -543233866
   emtol                          = 750
   emstep                         = 0.001
   niter                          = 20
   fcstep                         = 0
   nstcgsteep                     = 1000
   nbfgscorr                      = 10
   rtpi                           = 0.05
   nstxout                        = 0
   nstvout                        = 0
   nstfout                        = 0
   nstlog                         = 1000
   nstcalcenergy                  = 100
   nstenergy                      = 1000
   nstxout-compressed             = 0
   compressed-x-precision         = 1000
   cutoff-scheme                  = Verlet
   nstlist                        = 10
   pbc                            = xyz
   periodic-molecules             = false
   verlet-buffer-tolerance        = 0.005
   rlist                          = 1.05
   coulombtype                    = Cut-off
   coulomb-modifier               = Potential-shift
   rcoulomb-switch                = 0
   rcoulomb                       = 1
   epsilon-r                      = 1
   epsilon-rf                     = inf
   vdw-type                       = Cut-off
   vdw-modifier                   = Potential-shift
   rvdw-switch                    = 0
   rvdw                           = 1
   DispCorr                       = No
   table-extension                = 1
   fourierspacing                 = 0.12
   fourier-nx                     = 0
   fourier-ny                     = 0
   fourier-nz                     = 0
   pme-order                      = 4
   ewald-rtol                     = 1e-05
   ewald-rtol-lj                  = 0.001
   lj-pme-comb-rule               = Geometric
   ewald-geometry                 = 3d
   epsilon-surface                = 0
   ensemble-temperature-setting   = not available
   ensemble-temperature           = -1
   tcoupl                         = No
   nsttcouple                     = -1
   nh-chain-length                = 0
   print-nose-hoover-chain-variables = false
   pcoupl                         = No
   pcoupltype                     = Isotropic
   nstpcouple                     = -1
   tau-p                          = 1
   compressibility (3x3):
      compressibility[    0]={ 0.00000e+00,  0.00000e+00,  0.00000e+00}
      compressibility[    1]={ 0.00000e+00,  0.00000e+00,  0.00000e+00}
      compressibility[    2]={ 0.00000e+00,  0.00000e+00,  0.00000e+00}
   ref-p (3x3):
      ref-p[    0]={ 0.00000e+00,  0.00000e+00,  0.00000e+00}
      ref-p[    1]={ 0.00000e+00,  0.00000e+00,  0.00000e+00}
      ref-p[    2]={ 0.00000e+00,  0.00000e+00,  0.00000e+00}
   refcoord-scaling               = No
   posres-com (3):
      posres-com[0]= 0.00000e+00
      posres-com[1]= 0.00000e+00
      posres-com[2]= 0.00000e+00
   posres-comB (3):
      posres-comB[0]= 0.00000e+00
      posres-comB[1]= 0.00000e+00
      posres-comB[2]= 0.00000e+00
   QMMM                           = false
qm-opts:
   ngQM                           = 0
   constraint-algorithm           = Lincs
   continuation                   = false
   Shake-SOR                      = false
   shake-tol                      = 0.0001
   lincs-order                    = 4
   lincs-iter                     = 1
   lincs-warnangle                = 30
   nwall                          = 0
   wall-type                      = 9-3
   wall-r-linpot                  = -1
   wall-atomtype[0]               = -1
   wall-atomtype[1]               = -1
   wall-density[0]                = 0
   wall-density[1]                = 0
   wall-ewald-zfac                = 3
   pull                           = false
   awh                            = false
   rotation                       = false
   interactiveMD                  = false
   disre                          = No
   disre-weighting                = Conservative
   disre-mixed                    = false
   dr-fc                          = 1000
   dr-tau                         = 0
   nstdisreout                    = 100
   orire-fc                       = 0
   orire-tau                      = 0
   nstorireout                    = 100
   free-energy                    = no
   cos-acceleration               = 0
   deform (3x3):
      deform[    0]={ 0.00000e+00,  0.00000e+00,  0.00000e+00}
      deform[    1]={ 0.00000e+00,  0.00000e+00,  0.00000e+00}
      deform[    2]={ 0.00000e+00,  0.00000e+00,  0.00000e+00}
   simulated-tempering            = false
   swapcoords                     = no
   userint1                       = 0
   userint2                       = 0
   userint3                       = 0
   userint4                       = 0
   userreal1                      = 0
   userreal2                      = 0
   userreal3                      = 0
   userreal4                      = 0
   applied-forces:
     electric-field:
       x:
         E0                       = 0
         omega                    = 0
         t0                       = 0
         sigma                    = 0
       y:
         E0                       = 0
         omega                    = 0
         t0                       = 0
         sigma                    = 0
       z:
         E0                       = 0
         omega                    = 0
         t0                       = 0
         sigma                    = 0
     density-guided-simulation:
       active                     = false
       group                      = protein
       similarity-measure         = inner-product
       atom-spreading-weight      = unity
       force-constant             = 1e+09
       gaussian-transform-spreading-width = 0.2
       gaussian-transform-spreading-range-in-multiples-of-width = 4
       reference-density-filename = reference.mrc
       nst                        = 1
       normalize-densities        = true
       adaptive-force-scaling     = false
       adaptive-force-scaling-time-constant = 4
       shift-vector               = 
       transformation-matrix      = 
     qmmm-cp2k:
       active                     = false
       qmgroup                    = System
       qmmethod                   = PBE
       qmfilenames                = 
       qmcharge                   = 0
       qmmultiplicity             = 1
grpopts:
   nrdf:        3690
   ref-t:           0
   tau-t:           0
annealing:          No
annealing-npoints:           0
   acc:	           0           0           0
   nfreeze:           N           N           N
   energygrp-flags[  0]: 0

When checking whether update groups are usable:
  Domain decomposition is not active, so there is no need for update groups
  No constraints or virtual sites are in use, so it is best not to use update groups
Using 1 MPI thread
Using 24 OpenMP threads 

System total charge: 0.000
Potential shift: LJ r^-12: -1.000e+00 r^-6: -1.000e+00, Coulomb -1e+00
Generated table with 1025 data points for 1-4 COUL.
Tabscale = 500 points/nm
Generated table with 1025 data points for 1-4 LJ6.
Tabscale = 500 points/nm
Generated table with 1025 data points for 1-4 LJ12.
Tabscale = 500 points/nm


Using SIMD 4x8 nonbonded short-range kernels

Using a 4x8 pair-list setup:
  updated every 10 steps, buffer 0.050 nm, rlist 1.050 nm

Using full Lennard-Jones parameter combination matrix
Removing pbc first time

Pinning threads with an auto-selected logical cpu stride of 1

Note that activating steepest-descent energy minimization via the integrator .mdp option and the command gmx mdrun may be available in a different form in a future version of GROMACS, e.g. gmx minimize and an .mdp option.
Initiating Steepest Descents
Started Steepest Descents on rank 0 Tue Jul 14 10:40:06 2026


Steepest Descents:
   Tolerance (Fmax)   =  7.50000e+02
   Number of steps    =        20000
           Step           Time
              0        0.00000

   Energies (kJ/mol)
           Bond            U-B    Proper Dih.  Improper Dih.      CMAP Dih.
    6.80402e+04    8.90218e+04    7.14329e+03    5.95196e+04   -1.23235e+02
          LJ-14     Coulomb-14        LJ (SR)   Coulomb (SR)      Potential
    1.50946e+09    1.25178e+04    1.73999e+06   -1.85437e+04    1.51141e+09
 Pressure (bar)
    2.17085e+08

           Step           Time
              1        1.00000

   Energies (kJ/mol)
           Bond            U-B    Proper Dih.  Improper Dih.      CMAP Dih.
    6.80319e+04    8.90256e+04    7.14318e+03    5.95206e+04   -1.23266e+02
          LJ-14     Coulomb-14        LJ (SR)   Coulomb (SR)      Potential
    9.50289e+08    1.25240e+04    1.73993e+06   -1.85440e+04    9.52246e+08
 Pressure (bar)
    1.36807e+08

           Step           Time
              2        2.00000

   Energies (kJ/mol)
           Bond            U-B    Proper Dih.  Improper Dih.      CMAP Dih.
    6.80225e+04    8.90303e+04    7.14305e+03    5.95217e+04   -1.23296e+02
          LJ-14     Coulomb-14        LJ (SR)   Coulomb (SR)      Potential
    5.75400e+08    1.25311e+04    1.73980e+06   -1.85445e+04    5.77357e+08
 Pressure (bar)
    8.31047e+07

           Step           Time
              3        3.00000

   Energies (kJ/mol)
           Bond            U-B    Proper Dih.  Improper Dih.      CMAP Dih.
    6.80117e+04    8.90363e+04    7.14293e+03    5.95231e+04   -1.23322e+02
          LJ-14     Coulomb-14        LJ (SR)   Coulomb (SR)      Potential
    3.38404e+08    1.25393e+04    1.73943e+06   -1.85450e+04    3.40361e+08
 Pressure (bar)
    4.89344e+07

           Step           Time
              4        4.00000

   Energies (kJ/mol)
           Bond            U-B    Proper Dih.  Improper Dih.      CMAP Dih.
    6.79987e+04    8.90438e+04    7.14283e+03    5.95248e+04   -1.23327e+02
          LJ-14     Coulomb-14        LJ (SR)   Coulomb (SR)      Potential
    1.91697e+08    1.25493e+04    1.73852e+06   -1.85456e+04    1.93653e+08
 Pressure (bar)
    2.78577e+07

           Step           Time
              5        5.00000

   Energies (kJ/mol)
           Bond            U-B    Proper Dih.  Improper Dih.      CMAP Dih.
    6.79827e+04    8.90535e+04    7.14282e+03    5.95268e+04   -1.23284e+02
          LJ-14     Coulomb-14        LJ (SR)   Coulomb (SR)      Potential
    9.90615e+07    1.25616e+04    1.73598e+06   -1.85462e+04    1.01015e+08
 Pressure (bar)
    1.45090e+07

           Step           Time
              6        6.00000

   Energies (kJ/mol)
           Bond            U-B    Proper Dih.  Improper Dih.      CMAP Dih.
    6.79655e+04    8.90664e+04    7.14295e+03    5.95292e+04   -1.23163e+02
          LJ-14     Coulomb-14        LJ (SR)   Coulomb (SR)      Potential
    4.53132e+07    1.25766e+04    1.72844e+06   -1.85469e+04    4.72592e+07
 Pressure (bar)
    6.76839e+06

           Step           Time
              7        7.00000

   Energies (kJ/mol)
           Bond            U-B    Proper Dih.  Improper Dih.      CMAP Dih.
    6.79534e+04    8.90830e+04    7.14320e+03    5.95324e+04   -1.22960e+02
          LJ-14     Coulomb-14        LJ (SR)   Coulomb (SR)      Potential
    2.00930e+07    1.25926e+04    1.70379e+06   -1.85477e+04    2.20145e+07
 Pressure (bar)
    3.13879e+06

           Step           Time
              8        8.00000

   Energies (kJ/mol)
           Bond            U-B    Proper Dih.  Improper Dih.      CMAP Dih.
    6.79533e+04    8.91031e+04    7.14321e+03    5.95369e+04   -1.22640e+02
          LJ-14     Coulomb-14        LJ (SR)   Coulomb (SR)      Potential
    8.81882e+06    1.26089e+04    1.61946e+06   -1.85490e+04    1.06560e+07
 Pressure (bar)
    1.50555e+06

           Step           Time
              9        9.00000

   Energies (kJ/mol)
           Bond            U-B    Proper Dih.  Improper Dih.      CMAP Dih.
    6.79757e+04    8.91240e+04    7.14218e+03    5.95362e+04   -1.22077e+02
          LJ-14     Coulomb-14        LJ (SR)   Coulomb (SR)      Potential
    3.68306e+06    1.26268e+04    1.36018e+06   -1.85510e+04    5.26097e+06
 Pressure (bar)
    7.29005e+05

           Step           Time
             10       10.00000

   Energies (kJ/mol)
           Bond            U-B    Proper Dih.  Improper Dih.      CMAP Dih.
    6.80687e+04    8.91338e+04    7.13450e+03    5.95158e+04   -1.21249e+02
          LJ-14     Coulomb-14        LJ (SR)   Coulomb (SR)      Potential
    1.62784e+06    1.26434e+04    8.87993e+05   -1.85525e+04    2.73365e+06
 Pressure (bar)
    3.65245e+05

           Step           Time
             11       11.00000

   Energies (kJ/mol)
           Bond            U-B    Proper Dih.  Improper Dih.      CMAP Dih.
    6.83523e+04    8.91030e+04    7.10548e+03    5.92968e+04   -1.20201e+02
          LJ-14     Coulomb-14        LJ (SR)   Coulomb (SR)      Potential
    6.96228e+05    1.26528e+04    4.43489e+05   -1.85518e+04    1.35755e+06
 Pressure (bar)
    1.67097e+05

           Step           Time
             12       12.00000

   Energies (kJ/mol)
           Bond            U-B    Proper Dih.  Improper Dih.      CMAP Dih.
    6.87786e+04    8.89769e+04    7.10093e+03    5.79540e+04   -1.18915e+02
          LJ-14     Coulomb-14        LJ (SR)   Coulomb (SR)      Potential
    3.50045e+05    1.26498e+04    2.19062e+05   -1.85400e+04    7.85909e+05
 Pressure (bar)
    8.48730e+04

           Step           Time
             13       13.00000

   Energies (kJ/mol)
           Bond            U-B    Proper Dih.  Improper Dih.      CMAP Dih.
    6.92886e+04    8.85829e+04    6.94450e+03    5.66981e+04   -1.17068e+02
          LJ-14     Coulomb-14        LJ (SR)   Coulomb (SR)      Potential
    1.75299e+05    1.26288e+04    1.14694e+05   -1.85141e+04    5.05505e+05
 Pressure (bar)
    4.46164e+04

           Step           Time
             14       14.00000

   Energies (kJ/mol)
           Bond            U-B    Proper Dih.  Improper Dih.      CMAP Dih.
    6.93530e+04    8.74180e+04    7.10678e+03    5.57753e+04   -1.16493e+02
          LJ-14     Coulomb-14        LJ (SR)   Coulomb (SR)      Potential
    8.73867e+04    1.25677e+04    5.99470e+04   -1.84623e+04    3.60976e+05
 Pressure (bar)
    2.40372e+04

           Step           Time
             15       15.00000

   Energies (kJ/mol)
           Bond            U-B    Proper Dih.  Improper Dih.      CMAP Dih.
    6.70122e+04    8.48714e+04    7.05891e+03    5.21339e+04   -1.20476e+02
          LJ-14     Coulomb-14        LJ (SR)   Coulomb (SR)      Potential
    4.95009e+04    1.24885e+04    3.61015e+04   -1.83975e+04    2.90649e+05
 Pressure (bar)
    1.52323e+04

           Step           Time
             16       16.00000

   Energies (kJ/mol)
           Bond            U-B    Proper Dih.  Improper Dih.      CMAP Dih.
    5.86051e+04    7.76779e+04    7.07463e+03    4.23058e+04   -1.26481e+02
          LJ-14     Coulomb-14        LJ (SR)   Coulomb (SR)      Potential
    2.26044e+04    1.23055e+04    1.80606e+04   -1.83250e+04    2.20182e+05
 Pressure (bar)
    9.07101e+03

           Step           Time
             17       17.00000

   Energies (kJ/mol)
           Bond            U-B    Proper Dih.  Improper Dih.      CMAP Dih.
    4.26896e+04    6.70285e+04    7.13761e+03    3.12388e+04   -1.12096e+02
          LJ-14     Coulomb-14        LJ (SR)   Coulomb (SR)      Potential
    1.44186e+04    1.21650e+04    1.10863e+04   -1.82480e+04    1.67404e+05
 Pressure (bar)
    7.27982e+03

           Step           Time
             18       18.00000

   Energies (kJ/mol)
           Bond            U-B    Proper Dih.  Improper Dih.      CMAP Dih.
    2.69609e+04    5.59689e+04    7.09884e+03    2.28418e+04   -1.07905e+02
          LJ-14     Coulomb-14        LJ (SR)   Coulomb (SR)      Potential
    1.02635e+04    1.20528e+04    7.00436e+03   -1.81616e+04    1.23922e+05
 Pressure (bar)
    6.00471e+03

           Step           Time
             19       19.00000

   Energies (kJ/mol)
           Bond            U-B    Proper Dih.  Improper Dih.      CMAP Dih.
    1.52238e+04    4.70351e+04    6.91275e+03    1.69402e+04   -5.79745e+01
          LJ-14     Coulomb-14        LJ (SR)   Coulomb (SR)      Potential
    7.63474e+03    1.20174e+04    5.14756e+03   -1.81178e+04    9.27357e+04
 Pressure (bar)
    4.76716e+03

           Step           Time
             20       20.00000

   Energies (kJ/mol)
           Bond            U-B    Proper Dih.  Improper Dih.      CMAP Dih.
    1.05088e+04    3.96569e+04    6.62507e+03    1.02007e+04   -2.10720e+00
          LJ-14     Coulomb-14        LJ (SR)   Coulomb (SR)      Potential
    6.18049e+03    1.18833e+04    4.12945e+03   -1.79983e+04    7.11842e+04
 Pressure (bar)
    3.92080e+03

           Step           Time
             21       21.00000

   Energies (kJ/mol)
           Bond            U-B    Proper Dih.  Improper Dih.      CMAP Dih.
    5.30141e+03    3.26750e+04    6.12525e+03    4.75756e+03   -6.77894e+00
          LJ-14     Coulomb-14        LJ (SR)   Coulomb (SR)      Potential
    5.60260e+03    1.16625e+04    3.05501e+03   -1.78949e+04    5.12777e+04
 Pressure (bar)
    2.53472e+03

           Step           Time
             22       22.00000

   Energies (kJ/mol)
           Bond            U-B    Proper Dih.  Improper Dih.      CMAP Dih.
    4.51221e+03    3.17569e+04    6.06839e+03    3.74147e+03   -1.01727e+01
          LJ-14     Coulomb-14        LJ (SR)   Coulomb (SR)      Potential
    4.32123e+03    1.16338e+04    2.83809e+03   -1.79100e+04    4.69519e+04
 Pressure (bar)
    2.42226e+03

           Step           Time
             23       23.00000

   Energies (kJ/mol)
           Bond            U-B    Proper Dih.  Improper Dih.      CMAP Dih.
    5.83369e+03    2.74145e+04    5.70049e+03    6.55017e+03   -3.30417e+01
          LJ-14     Coulomb-14        LJ (SR)   Coulomb (SR)      Potential
    4.55083e+03    1.12477e+04    2.00807e+03   -1.77693e+04    4.55031e+04
 Pressure (bar)
    2.32799e+03

           Step           Time
             24       24.00000

   Energies (kJ/mol)
           Bond            U-B    Proper Dih.  Improper Dih.      CMAP Dih.
    3.93400e+03    2.63226e+04    5.64754e+03    2.44004e+03   -5.24458e+01
          LJ-14     Coulomb-14        LJ (SR)   Coulomb (SR)      Potential
    3.56150e+03    1.13188e+04    2.02216e+03   -1.78867e+04    3.73075e+04
 Pressure (bar)
    1.79920e+03

           Step           Time
             25       25.00000

           Step           Time
             26       26.00000

   Energies (kJ/mol)
           Bond            U-B    Proper Dih.  Improper Dih.      CMAP Dih.
    2.88706e+03    2.42396e+04    5.48492e+03    2.30258e+03   -6.87604e+01
          LJ-14     Coulomb-14        LJ (SR)   Coulomb (SR)      Potential
    3.55382e+03    1.11633e+04    1.67683e+03   -1.78154e+04    3.34239e+04
 Pressure (bar)
    1.99107e+03

           Step           Time
             27       27.00000

           Step           Time
             28       28.00000

   Energies (kJ/mol)
           Bond            U-B    Proper Dih.  Improper Dih.      CMAP Dih.
    2.12712e+03    2.32616e+04    5.42611e+03    1.67772e+03   -7.42980e+01
          LJ-14     Coulomb-14        LJ (SR)   Coulomb (SR)      Potential
    3.26008e+03    1.11858e+04    1.65469e+03   -1.78614e+04    3.06576e+04
 Pressure (bar)
    1.72129e+03

           Step           Time
             29       29.00000

   Energies (kJ/mol)
           Bond            U-B    Proper Dih.  Improper Dih.      CMAP Dih.
    2.19129e+03    2.16800e+04    5.29765e+03    1.69377e+03   -8.24399e+01
          LJ-14     Coulomb-14        LJ (SR)   Coulomb (SR)      Potential
    3.16955e+03    1.10487e+04    1.43267e+03   -1.78173e+04    2.86139e+04
 Pressure (bar)
    1.71173e+03

           Step           Time
             30       30.00000

   Energies (kJ/mol)
           Bond            U-B    Proper Dih.  Improper Dih.      CMAP Dih.
    1.85068e+03    2.09984e+04    5.25229e+03    1.18605e+03   -8.48046e+01
          LJ-14     Coulomb-14        LJ (SR)   Coulomb (SR)      Potential
    2.96794e+03    1.10596e+04    1.39733e+03   -1.78544e+04    2.67731e+04
 Pressure (bar)
    1.51157e+03

           Step           Time
             31       31.00000

   Energies (kJ/mol)
           Bond            U-B    Proper Dih.  Improper Dih.      CMAP Dih.
    2.47805e+03    1.97132e+04    5.16079e+03    1.60356e+03   -9.83469e+01
          LJ-14     Coulomb-14        LJ (SR)   Coulomb (SR)      Potential
    2.87613e+03    1.09177e+04    1.32923e+03   -1.78024e+04    2.61780e+04
 Pressure (bar)
    1.49837e+03

           Step           Time
             32       32.00000

   Energies (kJ/mol)
           Bond            U-B    Proper Dih.  Improper Dih.      CMAP Dih.
    1.78134e+03    1.92345e+04    5.13599e+03    9.12454e+02   -1.03604e+02
          LJ-14     Coulomb-14        LJ (SR)   Coulomb (SR)      Potential
    2.74622e+03    1.09344e+04    1.14494e+03   -1.78487e+04    2.39375e+04
 Pressure (bar)
    1.35704e+03

           Step           Time
             33       33.00000

           Step           Time
             34       34.00000

   Energies (kJ/mol)
           Bond            U-B    Proper Dih.  Improper Dih.      CMAP Dih.
    1.35704e+03    1.85899e+04    5.10722e+03    1.01870e+03   -8.92455e+01
          LJ-14     Coulomb-14        LJ (SR)   Coulomb (SR)      Potential
    2.67077e+03    1.08867e+04    1.10083e+03   -1.78340e+04    2.28080e+04
 Pressure (bar)
    1.31268e+03

           Step           Time
             35       35.00000

   Energies (kJ/mol)
           Bond            U-B    Proper Dih.  Improper Dih.      CMAP Dih.
    1.77123e+03    1.79593e+04    5.05848e+03    7.82165e+02   -1.14508e+02
          LJ-14     Coulomb-14        LJ (SR)   Coulomb (SR)      Potential
    2.55963e+03    1.08435e+04    9.64192e+02   -1.78471e+04    2.19768e+04
 Pressure (bar)
    1.21657e+03

           Step           Time
             36       36.00000

   Energies (kJ/mol)
           Bond            U-B    Proper Dih.  Improper Dih.      CMAP Dih.
    1.54378e+03    1.73840e+04    5.03749e+03    9.57403e+02   -9.52103e+01
          LJ-14     Coulomb-14        LJ (SR)   Coulomb (SR)      Potential
    2.48429e+03    1.07958e+04    9.92646e+02   -1.78308e+04    2.12693e+04
 Pressure (bar)
    1.16418e+03

           Step           Time
             37       37.00000

   Energies (kJ/mol)
           Bond            U-B    Proper Dih.  Improper Dih.      CMAP Dih.
    2.03198e+03    1.69914e+04    5.00025e+03    7.01350e+02   -1.19573e+02
          LJ-14     Coulomb-14        LJ (SR)   Coulomb (SR)      Potential
    2.41228e+03    1.07702e+04    8.10346e+02   -1.78541e+04    2.07442e+04
 Pressure (bar)
    1.09675e+03

           Step           Time
             38       38.00000

           Step           Time
             39       39.00000

   Energies (kJ/mol)
           Bond            U-B    Proper Dih.  Improper Dih.      CMAP Dih.
    1.17951e+03    1.65970e+04    4.99121e+03    6.80935e+02   -1.15567e+02
          LJ-14     Coulomb-14        LJ (SR)   Coulomb (SR)      Potential
    2.37135e+03    1.07497e+04    7.93024e+02   -1.78458e+04    1.94013e+04
 Pressure (bar)
    1.08261e+03

           Step           Time
             40       40.00000

   Energies (kJ/mol)
           Bond            U-B    Proper Dih.  Improper Dih.      CMAP Dih.
    2.25955e+03    1.45901e+04    4.88244e+03    5.26135e+02   -1.27046e+02
          LJ-14     Coulomb-14        LJ (SR)   Coulomb (SR)      Potential
    2.05998e+03    1.06069e+04    4.78338e+02   -1.78932e+04    1.73832e+04
 Pressure (bar)
    7.71899e+02

           Step           Time
             41       41.00000

   Energies (kJ/mol)
           Bond            U-B    Proper Dih.  Improper Dih.      CMAP Dih.
    1.20462e+03    1.43109e+04    4.87768e+03    5.69894e+02   -1.16831e+02
          LJ-14     Coulomb-14        LJ (SR)   Coulomb (SR)      Potential
    2.03244e+03    1.05824e+04    4.84731e+02   -1.78797e+04    1.60662e+04
 Pressure (bar)
    7.78276e+02

           Step           Time
             42       42.00000

           Step           Time
             43       43.00000

   Energies (kJ/mol)
           Bond            U-B    Proper Dih.  Improper Dih.      CMAP Dih.
    1.31551e+03    1.40061e+04    4.85511e+03    5.11636e+02   -1.27426e+02
          LJ-14     Coulomb-14        LJ (SR)   Coulomb (SR)      Potential
    1.98860e+03    1.05717e+04    3.98056e+02   -1.78982e+04    1.56212e+04
 Pressure (bar)
    7.57770e+02

           Step           Time
             44       44.00000

   Energies (kJ/mol)
           Bond            U-B    Proper Dih.  Improper Dih.      CMAP Dih.
    1.37967e+03    1.36905e+04    4.85486e+03    5.90400e+02   -1.13896e+02
          LJ-14     Coulomb-14        LJ (SR)   Coulomb (SR)      Potential
    1.93850e+03    1.05462e+04    4.10151e+02   -1.79003e+04    1.53961e+04
 Pressure (bar)
    7.15409e+02

           Step           Time
             45       45.00000

   Energies (kJ/mol)
           Bond            U-B    Proper Dih.  Improper Dih.      CMAP Dih.
    1.42297e+03    1.34174e+04    4.82566e+03    4.90297e+02   -1.29061e+02
          LJ-14     Coulomb-14        LJ (SR)   Coulomb (SR)      Potential
    1.90312e+03    1.05397e+04    3.01903e+02   -1.79178e+04    1.48543e+04
 Pressure (bar)
    6.99928e+02

           Step           Time
             46       46.00000

           Step           Time
             47       47.00000

   Energies (kJ/mol)
           Bond            U-B    Proper Dih.  Improper Dih.      CMAP Dih.
    1.11737e+03    1.32138e+04    4.81805e+03    4.66407e+02   -1.26619e+02
          LJ-14     Coulomb-14        LJ (SR)   Coulomb (SR)      Potential
    1.87739e+03    1.05289e+04    3.01034e+02   -1.79184e+04    1.42779e+04
 Pressure (bar)
    6.83905e+02

           Step           Time
             48       48.00000

   Energies (kJ/mol)
           Bond            U-B    Proper Dih.  Improper Dih.      CMAP Dih.
    1.59331e+03    1.26978e+04    4.78854e+03    4.56669e+02   -1.30974e+02
          LJ-14     Coulomb-14        LJ (SR)   Coulomb (SR)      Potential
    1.80501e+03    1.05106e+04    1.92195e+02   -1.79564e+04    1.39567e+04
 Pressure (bar)
    6.29475e+02

           Step           Time
             49       49.00000

   Energies (kJ/mol)
           Bond            U-B    Proper Dih.  Improper Dih.      CMAP Dih.
    1.17839e+03    1.25167e+04    4.79678e+03    4.79288e+02   -1.24514e+02
          LJ-14     Coulomb-14        LJ (SR)   Coulomb (SR)      Potential
    1.78177e+03    1.04968e+04    2.00118e+02   -1.79464e+04    1.33788e+04
 Pressure (bar)
    6.09086e+02

           Step           Time
             50       50.00000

           Step           Time
             51       51.00000

   Energies (kJ/mol)
           Bond            U-B    Proper Dih.  Improper Dih.      CMAP Dih.
    1.15387e+03    1.23192e+04    4.77018e+03    4.38650e+02   -1.32061e+02
          LJ-14     Coulomb-14        LJ (SR)   Coulomb (SR)      Potential
    1.75791e+03    1.04931e+04    1.47824e+02   -1.79634e+04    1.29853e+04
 Pressure (bar)
    5.99622e+02

           Step           Time
             52       52.00000

   Energies (kJ/mol)
           Bond            U-B    Proper Dih.  Improper Dih.      CMAP Dih.
    1.30120e+03    1.19688e+04    4.76542e+03    5.12528e+02   -1.21366e+02
          LJ-14     Coulomb-14        LJ (SR)   Coulomb (SR)      Potential
    1.70362e+03    1.04747e+04    1.35731e+02   -1.79799e+04    1.27608e+04
 Pressure (bar)
    5.46790e+02

           Step           Time
             53       53.00000

   Energies (kJ/mol)
           Bond            U-B    Proper Dih.  Improper Dih.      CMAP Dih.
    1.19830e+03    1.17710e+04    4.73327e+03    4.18906e+02   -1.34233e+02
          LJ-14     Coulomb-14        LJ (SR)   Coulomb (SR)      Potential
    1.68369e+03    1.04734e+04    6.29100e+01   -1.79937e+04    1.22135e+04
 Pressure (bar)
    5.45702e+02

           Step           Time
             54       54.00000

           Step           Time
             55       55.00000

   Energies (kJ/mol)
           Bond            U-B    Proper Dih.  Improper Dih.      CMAP Dih.
    1.10591e+03    1.16029e+04    4.72910e+03    4.18780e+02   -1.30814e+02
          LJ-14     Coulomb-14        LJ (SR)   Coulomb (SR)      Potential
    1.65990e+03    1.04666e+04    5.86893e+01   -1.79967e+04    1.19144e+04
 Pressure (bar)
    5.27372e+02

           Step           Time
             56       56.00000

   Energies (kJ/mol)
           Bond            U-B    Proper Dih.  Improper Dih.      CMAP Dih.
    1.26677e+03    1.13587e+04    4.70916e+03    4.04393e+02   -1.36104e+02
          LJ-14     Coulomb-14        LJ (SR)   Coulomb (SR)      Potential
    1.63034e+03    1.04622e+04   -2.31834e+00   -1.80187e+04    1.16744e+04
 Pressure (bar)
    5.11874e+02

           Step           Time
             57       57.00000

   Energies (kJ/mol)
           Bond            U-B    Proper Dih.  Improper Dih.      CMAP Dih.
    1.16685e+03    1.12156e+04    4.71339e+03    4.18148e+02   -1.30783e+02
          LJ-14     Coulomb-14        LJ (SR)   Coulomb (SR)      Potential
    1.60756e+03    1.04538e+04    6.45572e+00   -1.80170e+04    1.14341e+04
 Pressure (bar)
    4.83752e+02

           Step           Time
             58       58.00000

   Energies (kJ/mol)
           Bond            U-B    Proper Dih.  Improper Dih.      CMAP Dih.
    1.39208e+03    1.09983e+04    4.69744e+03    3.98245e+02   -1.37650e+02
          LJ-14     Coulomb-14        LJ (SR)   Coulomb (SR)      Potential
    1.58272e+03    1.04501e+04   -6.06278e+01   -1.80462e+04    1.12744e+04
 Pressure (bar)
    4.73939e+02

           Step           Time
             59       59.00000

   Energies (kJ/mol)
           Bond            U-B    Proper Dih.  Improper Dih.      CMAP Dih.
    1.33294e+03    1.09042e+04    4.69723e+03    4.33917e+02   -1.29313e+02
          LJ-14     Coulomb-14        LJ (SR)   Coulomb (SR)      Potential
    1.56121e+03    1.04417e+04   -2.93545e+01   -1.80397e+04    1.11728e+04
 Pressure (bar)
    4.42601e+02

           Step           Time
             60       60.00000

   Energies (kJ/mol)
           Bond            U-B    Proper Dih.  Improper Dih.      CMAP Dih.
    1.61626e+03    1.07038e+04    4.65961e+03    3.85049e+02   -1.39605e+02
          LJ-14     Coulomb-14        LJ (SR)   Coulomb (SR)      Potential
    1.53989e+03    1.04430e+04   -1.14741e+02   -1.80633e+04    1.10299e+04
 Pressure (bar)
    4.44295e+02

           Step           Time
             61       61.00000

           Step           Time
             62       62.00000

   Energies (kJ/mol)
           Bond            U-B    Proper Dih.  Improper Dih.      CMAP Dih.
    1.06729e+03    1.05846e+04    4.66221e+03    3.63099e+02   -1.40345e+02
          LJ-14     Coulomb-14        LJ (SR)   Coulomb (SR)      Potential
    1.52826e+03    1.04388e+04   -1.08497e+02   -1.80587e+04    1.03368e+04
 Pressure (bar)
    4.35895e+02

           Step           Time
             63       63.00000

   Energies (kJ/mol)
           Bond            U-B    Proper Dih.  Improper Dih.      CMAP Dih.
    1.77886e+03    1.00281e+04    4.62446e+03    3.57709e+02   -1.45714e+02
          LJ-14     Coulomb-14        LJ (SR)   Coulomb (SR)      Potential
    1.45770e+03    1.04373e+04   -2.09984e+02   -1.81238e+04    1.02046e+04
 Pressure (bar)
    3.74585e+02

           Step           Time
             64       64.00000

   Energies (kJ/mol)
           Bond            U-B    Proper Dih.  Improper Dih.      CMAP Dih.
    1.14881e+03    9.92043e+03    4.64763e+03    4.36688e+02   -1.38189e+02
          LJ-14     Coulomb-14        LJ (SR)   Coulomb (SR)      Potential
    1.44590e+03    1.04258e+04   -2.00918e+02   -1.81063e+04    9.57985e+03
 Pressure (bar)
    3.57840e+02

           Step           Time
             65       65.00000

           Step           Time
             66       66.00000

   Energies (kJ/mol)
           Bond            U-B    Proper Dih.  Improper Dih.      CMAP Dih.
    1.15750e+03    9.79831e+03    4.63021e+03    3.51524e+02   -1.47367e+02
          LJ-14     Coulomb-14        LJ (SR)   Coulomb (SR)      Potential
    1.43218e+03    1.04278e+04   -2.35182e+02   -1.81217e+04    9.29328e+03
 Pressure (bar)
    3.58456e+02

           Step           Time
             67       67.00000

           Step           Time
             68       68.00000

   Energies (kJ/mol)
           Bond            U-B    Proper Dih.  Improper Dih.      CMAP Dih.
    1.06588e+03    9.71874e+03    4.62311e+03    3.58091e+02   -1.45092e+02
          LJ-14     Coulomb-14        LJ (SR)   Coulomb (SR)      Potential
    1.41909e+03    1.04241e+04   -2.38368e+02   -1.81258e+04    9.09978e+03
 Pressure (bar)
    3.46451e+02

           Step           Time
             69       69.00000

   Energies (kJ/mol)
           Bond            U-B    Proper Dih.  Improper Dih.      CMAP Dih.
    1.18584e+03    9.56771e+03    4.59387e+03    3.38476e+02   -1.49162e+02
          LJ-14     Coulomb-14        LJ (SR)   Coulomb (SR)      Potential
    1.39890e+03    1.04249e+04   -2.78422e+02   -1.81472e+04    8.93494e+03
 Pressure (bar)
    3.38954e+02

           Step           Time
             70       70.00000

   Energies (kJ/mol)
           Bond            U-B    Proper Dih.  Improper Dih.      CMAP Dih.
    1.10136e+03    9.49175e+03    4.58660e+03    3.50122e+02   -1.45552e+02
          LJ-14     Coulomb-14        LJ (SR)   Coulomb (SR)      Potential
    1.38489e+03    1.04216e+04   -2.74308e+02   -1.81514e+04    8.76515e+03
 Pressure (bar)
    3.22336e+02

           Step           Time
             71       71.00000

   Energies (kJ/mol)
           Bond            U-B    Proper Dih.  Improper Dih.      CMAP Dih.
    1.26202e+03    9.34155e+03    4.56884e+03    3.30432e+02   -1.50586e+02
          LJ-14     Coulomb-14        LJ (SR)   Coulomb (SR)      Potential
    1.36840e+03    1.04263e+04   -3.20621e+02   -1.81737e+04    8.65271e+03
 Pressure (bar)
    3.19664e+02

           Step           Time
             72       72.00000

   Energies (kJ/mol)
           Bond            U-B    Proper Dih.  Improper Dih.      CMAP Dih.
    1.19104e+03    9.28825e+03    4.57134e+03    3.46248e+02   -1.45464e+02
          LJ-14     Coulomb-14        LJ (SR)   Coulomb (SR)      Potential
    1.35541e+03    1.04222e+04   -3.03608e+02   -1.81713e+04    8.55408e+03
 Pressure (bar)
    2.99091e+02

           Step           Time
             73       73.00000

   Energies (kJ/mol)
           Bond            U-B    Proper Dih.  Improper Dih.      CMAP Dih.
    1.42364e+03    9.12662e+03    4.56097e+03    3.25157e+02   -1.51560e+02
          LJ-14     Coulomb-14        LJ (SR)   Coulomb (SR)      Potential
    1.34030e+03    1.04277e+04   -3.61113e+02   -1.82015e+04    8.49024e+03
 Pressure (bar)
    3.00803e+02

           Step           Time
             74       74.00000

           Step           Time
             75       75.00000

   Energies (kJ/mol)
           Bond            U-B    Proper Dih.  Improper Dih.      CMAP Dih.
    1.04361e+03    9.06098e+03    4.55657e+03    3.15210e+02   -1.51761e+02
          LJ-14     Coulomb-14        LJ (SR)   Coulomb (SR)      Potential
    1.33374e+03    1.04251e+04   -3.55979e+02   -1.81975e+04    8.02997e+03
 Pressure (bar)
    2.96376e+02

           Step           Time
             76       76.00000

   Energies (kJ/mol)
           Bond            U-B    Proper Dih.  Improper Dih.      CMAP Dih.
    1.54932e+03    8.51727e+03    4.54509e+03    3.02142e+02   -1.59067e+02
          LJ-14     Coulomb-14        LJ (SR)   Coulomb (SR)      Potential
    1.27320e+03    1.04436e+04   -4.47764e+02   -1.82541e+04    7.76970e+03
 Pressure (bar)
    2.39973e+02

           Step           Time
             77       77.00000

   Energies (kJ/mol)
           Bond            U-B    Proper Dih.  Improper Dih.      CMAP Dih.
    1.07326e+03    8.44673e+03    4.54904e+03    3.28027e+02   -1.54791e+02
          LJ-14     Coulomb-14        LJ (SR)   Coulomb (SR)      Potential
    1.26632e+03    1.04378e+04   -4.39498e+02   -1.82473e+04    7.25959e+03
 Pressure (bar)
    2.33602e+02

           Step           Time
             78       78.00000

           Step           Time
             79       79.00000

   Energies (kJ/mol)
           Bond            U-B    Proper Dih.  Improper Dih.      CMAP Dih.
    1.12931e+03    8.32431e+03    4.53836e+03    2.95172e+02   -1.59852e+02
          LJ-14     Coulomb-14        LJ (SR)   Coulomb (SR)      Potential
    1.25546e+03    1.04457e+04   -4.69517e+02   -1.82632e+04    7.09575e+03
 Pressure (bar)
    2.36376e+02

           Step           Time
             80       80.00000

   Energies (kJ/mol)
           Bond            U-B    Proper Dih.  Improper Dih.      CMAP Dih.
    1.13778e+03    8.23233e+03    4.52540e+03    3.13735e+02   -1.56514e+02
          LJ-14     Coulomb-14        LJ (SR)   Coulomb (SR)      Potential
    1.24357e+03    1.04457e+04   -4.63849e+02   -1.82645e+04    7.01364e+03
 Pressure (bar)
    2.20627e+02

           Step           Time
             81       81.00000

   Energies (kJ/mol)
           Bond            U-B    Proper Dih.  Improper Dih.      CMAP Dih.
    1.20693e+03    8.08633e+03    4.50292e+03    2.87395e+02   -1.63030e+02
          LJ-14     Coulomb-14        LJ (SR)   Coulomb (SR)      Potential
    1.23298e+03    1.04548e+04   -5.04873e+02   -1.82865e+04    6.81691e+03
 Pressure (bar)
    2.30535e+02

           Step           Time
             82       82.00000

           Step           Time
             83       83.00000

   Energies (kJ/mol)
           Bond            U-B    Proper Dih.  Improper Dih.      CMAP Dih.
    1.02718e+03    8.03424e+03    4.49677e+03    2.86027e+02   -1.63563e+02
          LJ-14     Coulomb-14        LJ (SR)   Coulomb (SR)      Potential
    1.22741e+03    1.04525e+04   -5.01577e+02   -1.82874e+04    6.57168e+03
 Pressure (bar)
    2.23841e+02

           Step           Time
             84       84.00000

   Energies (kJ/mol)
           Bond            U-B    Proper Dih.  Improper Dih.      CMAP Dih.
    1.28625e+03    7.80522e+03    4.46135e+03    2.78255e+02   -1.75205e+02
          LJ-14     Coulomb-14        LJ (SR)   Coulomb (SR)      Potential
    1.20326e+03    1.04628e+04   -5.47991e+02   -1.83249e+04    6.44902e+03
 Pressure (bar)
    2.11885e+02

           Step           Time
             85       85.00000

   Energies (kJ/mol)
           Bond            U-B    Proper Dih.  Improper Dih.      CMAP Dih.
    1.04602e+03    7.77467e+03    4.46012e+03    2.82887e+02   -1.77024e+02
          LJ-14     Coulomb-14        LJ (SR)   Coulomb (SR)      Potential
    1.19783e+03    1.04569e+04   -5.39650e+02   -1.83223e+04    6.17945e+03
 Pressure (bar)
    2.02574e+02

           Step           Time
             86       86.00000

           Step           Time
             87       87.00000

   Energies (kJ/mol)
           Bond            U-B    Proper Dih.  Improper Dih.      CMAP Dih.
    1.07147e+03    7.68272e+03    4.44976e+03    2.72677e+02   -1.83833e+02
          LJ-14     Coulomb-14        LJ (SR)   Coulomb (SR)      Potential
    1.18971e+03    1.04621e+04   -5.62690e+02   -1.83364e+04    6.04556e+03
 Pressure (bar)
    2.03487e+02

           Step           Time
             88       88.00000

   Energies (kJ/mol)
           Bond            U-B    Proper Dih.  Improper Dih.      CMAP Dih.
    1.07890e+03    7.62795e+03    4.44279e+03    2.79433e+02   -1.87196e+02
          LJ-14     Coulomb-14        LJ (SR)   Coulomb (SR)      Potential
    1.17933e+03    1.04602e+04   -5.61335e+02   -1.83438e+04    5.97628e+03
 Pressure (bar)
    1.85363e+02

           Step           Time
             89       89.00000

   Energies (kJ/mol)
           Bond            U-B    Proper Dih.  Improper Dih.      CMAP Dih.
    1.11161e+03    7.52606e+03    4.43133e+03    2.65151e+02   -1.93102e+02
          LJ-14     Coulomb-14        LJ (SR)   Coulomb (SR)      Potential
    1.17130e+03    1.04677e+04   -5.90661e+02   -1.83614e+04    5.82800e+03
 Pressure (bar)
    1.83550e+02

           Step           Time
             90       90.00000

           Step           Time
             91       91.00000

   Energies (kJ/mol)
           Bond            U-B    Proper Dih.  Improper Dih.      CMAP Dih.
    1.00857e+03    7.49439e+03    4.42952e+03    2.65531e+02   -1.93799e+02
          LJ-14     Coulomb-14        LJ (SR)   Coulomb (SR)      Potential
    1.16699e+03    1.04660e+04   -5.88740e+02   -1.83638e+04    5.68472e+03
 Pressure (bar)
    1.81014e+02

           Step           Time
             92       92.00000

   Energies (kJ/mol)
           Bond            U-B    Proper Dih.  Improper Dih.      CMAP Dih.
    1.14854e+03    7.35010e+03    4.41179e+03    2.57584e+02   -1.99844e+02
          LJ-14     Coulomb-14        LJ (SR)   Coulomb (SR)      Potential
    1.15149e+03    1.04759e+04   -6.20520e+02   -1.83927e+04    5.58239e+03
 Pressure (bar)
    1.74064e+02

           Step           Time
             93       93.00000

   Energies (kJ/mol)
           Bond            U-B    Proper Dih.  Improper Dih.      CMAP Dih.
    1.01660e+03    7.32498e+03    4.41051e+03    2.60466e+02   -1.99500e+02
          LJ-14     Coulomb-14        LJ (SR)   Coulomb (SR)      Potential
    1.14726e+03    1.04728e+04   -6.15355e+02   -1.83937e+04    5.42412e+03
 Pressure (bar)
    1.63956e+02

           Step           Time
             94       94.00000

           Step           Time
             95       95.00000

   Energies (kJ/mol)
           Bond            U-B    Proper Dih.  Improper Dih.      CMAP Dih.
    1.02678e+03    7.25491e+03    4.40297e+03    2.53947e+02   -2.02497e+02
          LJ-14     Coulomb-14        LJ (SR)   Coulomb (SR)      Potential
    1.14147e+03    1.04784e+04   -6.32429e+02   -1.84067e+04    5.31683e+03
 Pressure (bar)
    1.63798e+02

           Step           Time
             96       96.00000

   Energies (kJ/mol)
           Bond            U-B    Proper Dih.  Improper Dih.      CMAP Dih.
    1.03561e+03    7.19042e+03    4.39488e+03    2.57335e+02   -2.03408e+02
          LJ-14     Coulomb-14        LJ (SR)   Coulomb (SR)      Potential
    1.13186e+03    1.04793e+04   -6.36361e+02   -1.84189e+04    5.23073e+03
 Pressure (bar)
    1.47437e+02

           Step           Time
             97       97.00000

   Energies (kJ/mol)
           Bond            U-B    Proper Dih.  Improper Dih.      CMAP Dih.
    1.04697e+03    7.11051e+03    4.38605e+03    2.47923e+02   -2.07141e+02
          LJ-14     Coulomb-14        LJ (SR)   Coulomb (SR)      Potential
    1.12584e+03    1.04867e+04   -6.57875e+02   -1.84342e+04    5.10475e+03
 Pressure (bar)
    1.49173e+02

           Step           Time
             98       98.00000

   Energies (kJ/mol)
           Bond            U-B    Proper Dih.  Improper Dih.      CMAP Dih.
    1.08032e+03    7.07906e+03    4.38021e+03    2.55451e+02   -2.06615e+02
          LJ-14     Coulomb-14        LJ (SR)   Coulomb (SR)      Potential
    1.11865e+03    1.04851e+04   -6.53604e+02   -1.84413e+04    5.09726e+03
 Pressure (bar)
    1.33526e+02

           Step           Time
             99       99.00000

   Energies (kJ/mol)
           Bond            U-B    Proper Dih.  Improper Dih.      CMAP Dih.
    1.09914e+03    6.98291e+03    4.36967e+03    2.42547e+02   -2.11368e+02
          LJ-14     Coulomb-14        LJ (SR)   Coulomb (SR)      Potential
    1.11210e+03    1.04950e+04   -6.81362e+02   -1.84600e+04    4.94859e+03
 Pressure (bar)
    1.37071e+02

           Step           Time
            100      100.00000

           Step           Time
            101      101.00000

   Energies (kJ/mol)
           Bond            U-B    Proper Dih.  Improper Dih.      CMAP Dih.
    9.86307e+02    6.95807e+03    4.36790e+03    2.43466e+02   -2.11540e+02
          LJ-14     Coulomb-14        LJ (SR)   Coulomb (SR)      Potential
    1.10927e+03    1.04927e+04   -6.78197e+02   -1.84614e+04    4.80654e+03
 Pressure (bar)
    1.32820e+02

           Step           Time
            102      102.00000

   Energies (kJ/mol)
           Bond            U-B    Proper Dih.  Improper Dih.      CMAP Dih.
    1.15121e+03    6.84109e+03    4.35117e+03    2.37561e+02   -2.16095e+02
          LJ-14     Coulomb-14        LJ (SR)   Coulomb (SR)      Potential
    1.09755e+03    1.05047e+04   -7.04744e+02   -1.84895e+04    4.77295e+03
 Pressure (bar)
    1.22439e+02

           Step           Time
            103      103.00000

   Energies (kJ/mol)
           Bond            U-B    Proper Dih.  Improper Dih.      CMAP Dih.
    1.00324e+03    6.82260e+03    4.34922e+03    2.40835e+02   -2.15628e+02
          LJ-14     Coulomb-14        LJ (SR)   Coulomb (SR)      Potential
    1.09502e+03    1.05001e+04   -6.98167e+02   -1.84882e+04    4.60905e+03
 Pressure (bar)
    1.15083e+02

           Step           Time
            104      104.00000

           Step           Time
            105      105.00000

   Energies (kJ/mol)
           Bond            U-B    Proper Dih.  Improper Dih.      CMAP Dih.
    1.00853e+03    6.75677e+03    4.34178e+03    2.35091e+02   -2.18292e+02
          LJ-14     Coulomb-14        LJ (SR)   Coulomb (SR)      Potential
    1.09022e+03    1.05068e+04   -7.13723e+02   -1.85014e+04    4.50580e+03
 Pressure (bar)
    1.16248e+02

           Step           Time
            106      106.00000

   Energies (kJ/mol)
           Bond            U-B    Proper Dih.  Improper Dih.      CMAP Dih.
    1.03132e+03    6.71485e+03    4.33298e+03    2.38603e+02   -2.18644e+02
          LJ-14     Coulomb-14        LJ (SR)   Coulomb (SR)      Potential
    1.08385e+03    1.05064e+04   -7.14243e+02   -1.85104e+04    4.46467e+03
 Pressure (bar)
    1.04111e+02

           Step           Time
            107      107.00000

   Energies (kJ/mol)
           Bond            U-B    Proper Dih.  Improper Dih.      CMAP Dih.
    1.03684e+03    6.63789e+03    4.32459e+03    2.30082e+02   -2.21970e+02
          LJ-14     Coulomb-14        LJ (SR)   Coulomb (SR)      Potential
    1.07869e+03    1.05153e+04   -7.34271e+02   -1.85263e+04    4.34089e+03
 Pressure (bar)
    1.06373e+02

           Step           Time
            108      108.00000

           Step           Time
            109      109.00000

   Energies (kJ/mol)
           Bond            U-B    Proper Dih.  Improper Dih.      CMAP Dih.
    9.70693e+02    6.61546e+03    4.32147e+03    2.31027e+02   -2.22100e+02
          LJ-14     Coulomb-14        LJ (SR)   Coulomb (SR)      Potential
    1.07633e+03    1.05136e+04   -7.33141e+02   -1.85284e+04    4.24498e+03
 Pressure (bar)
    1.03417e+02

           Step           Time
            110      110.00000

   Energies (kJ/mol)
           Bond            U-B    Proper Dih.  Improper Dih.      CMAP Dih.
    1.06576e+03    6.52529e+03    4.30835e+03    2.25549e+02   -2.25394e+02
          LJ-14     Coulomb-14        LJ (SR)   Coulomb (SR)      Potential
    1.06805e+03    1.05236e+04   -7.53332e+02   -1.85505e+04    4.18742e+03
 Pressure (bar)
    9.79460e+01

           Step           Time
            111      111.00000

   Energies (kJ/mol)
           Bond            U-B    Proper Dih.  Improper Dih.      CMAP Dih.
    9.80963e+02    6.50857e+03    4.30532e+03    2.27703e+02   -2.25084e+02
          LJ-14     Coulomb-14        LJ (SR)   Coulomb (SR)      Potential
    1.06603e+03    1.05200e+04   -7.49791e+02   -1.85507e+04    4.08295e+03
 Pressure (bar)
    9.62013e+01

           Step           Time
            112      112.00000

           Step           Time
            113      113.00000

   Energies (kJ/mol)
           Bond            U-B    Proper Dih.  Improper Dih.      CMAP Dih.
    9.79045e+02    6.45758e+03    4.29986e+03    2.23531e+02   -2.26988e+02
          LJ-14     Coulomb-14        LJ (SR)   Coulomb (SR)      Potential
    1.06236e+03    1.05259e+04   -7.61528e+02   -1.85616e+04    3.99819e+03
 Pressure (bar)
    9.45818e+01

           Step           Time
            114      114.00000

   Energies (kJ/mol)
           Bond            U-B    Proper Dih.  Improper Dih.      CMAP Dih.
    9.98438e+02    6.40584e+03    4.29017e+03    2.24412e+02   -2.27962e+02
          LJ-14     Coulomb-14        LJ (SR)   Coulomb (SR)      Potential
    1.05624e+03    1.05270e+04   -7.66316e+02   -1.85734e+04    3.93442e+03
 Pressure (bar)
    8.72700e+01

           Step           Time
            115      115.00000

   Energies (kJ/mol)
           Bond            U-B    Proper Dih.  Improper Dih.      CMAP Dih.
    9.92843e+02    6.34503e+03    4.28447e+03    2.18360e+02   -2.30363e+02
          LJ-14     Coulomb-14        LJ (SR)   Coulomb (SR)      Potential
    1.05218e+03    1.05350e+04   -7.81415e+02   -1.85863e+04    3.82978e+03
 Pressure (bar)
    8.71306e+01

           Step           Time
            116      116.00000

           Step           Time
            117      117.00000

   Energies (kJ/mol)
           Bond            U-B    Proper Dih.  Improper Dih.      CMAP Dih.
    9.55371e+02    6.32372e+03    4.28120e+03    2.18880e+02   -2.30610e+02
          LJ-14     Coulomb-14        LJ (SR)   Coulomb (SR)      Potential
    1.05008e+03    1.05340e+04   -7.81872e+02   -1.85895e+04    3.76126e+03
 Pressure (bar)
    8.43516e+01

           Step           Time
            118      118.00000

   Energies (kJ/mol)
           Bond            U-B    Proper Dih.  Improper Dih.      CMAP Dih.
    1.00734e+03    6.25656e+03    4.27314e+03    2.14309e+02   -2.32969e+02
          LJ-14     Coulomb-14        LJ (SR)   Coulomb (SR)      Potential
    1.04437e+03    1.05428e+04   -7.96926e+02   -1.86066e+04    3.70203e+03
 Pressure (bar)
    8.05600e+01

           Step           Time
            119      119.00000

   Energies (kJ/mol)
           Bond            U-B    Proper Dih.  Improper Dih.      CMAP Dih.
    9.61978e+02    6.23881e+03    4.27004e+03    2.15601e+02   -2.32936e+02
          LJ-14     Coulomb-14        LJ (SR)   Coulomb (SR)      Potential
    1.04269e+03    1.05403e+04   -7.95749e+02   -1.86084e+04    3.63230e+03
 Pressure (bar)
    7.77152e+01

           Step           Time
            120      120.00000

   Energies (kJ/mol)
           Bond            U-B    Proper Dih.  Improper Dih.      CMAP Dih.
    1.04180e+03    6.17582e+03    4.26331e+03    2.10229e+02   -2.35368e+02
          LJ-14     Coulomb-14        LJ (SR)   Coulomb (SR)      Potential
    1.03741e+03    1.05506e+04   -8.11791e+02   -1.86258e+04    3.60630e+03
 Pressure (bar)
    7.39190e+01

           Step           Time
            121      121.00000

   Energies (kJ/mol)
           Bond            U-B    Proper Dih.  Improper Dih.      CMAP Dih.
    9.90178e+02    6.16623e+03    4.26053e+03    2.12710e+02   -2.34928e+02
          LJ-14     Coulomb-14        LJ (SR)   Coulomb (SR)      Potential
    1.03633e+03    1.05457e+04   -8.07374e+02   -1.86252e+04    3.54418e+03
 Pressure (bar)
    7.35378e+01

           Step           Time
            122      122.00000

           Step           Time
            123      123.00000

   Energies (kJ/mol)
           Bond            U-B    Proper Dih.  Improper Dih.      CMAP Dih.
    9.50320e+02    6.11351e+03    4.25736e+03    2.08583e+02   -2.36709e+02
          LJ-14     Coulomb-14        LJ (SR)   Coulomb (SR)      Potential
    1.03344e+03    1.05526e+04   -8.18218e+02   -1.86356e+04    3.42523e+03
 Pressure (bar)
    7.55720e+01

           Step           Time
            124      124.00000

   Energies (kJ/mol)
           Bond            U-B    Proper Dih.  Improper Dih.      CMAP Dih.
    1.01941e+03    6.02078e+03    4.24412e+03    2.07858e+02   -2.38893e+02
          LJ-14     Coulomb-14        LJ (SR)   Coulomb (SR)      Potential
    1.02572e+03    1.05578e+04   -8.28603e+02   -1.86573e+04    3.35088e+03
 Pressure (bar)
    6.41093e+01

           Step           Time
            125      125.00000

   Energies (kJ/mol)
           Bond            U-B    Proper Dih.  Improper Dih.      CMAP Dih.
    9.66480e+02    5.95240e+03    4.24055e+03    2.01607e+02   -2.41214e+02
          LJ-14     Coulomb-14        LJ (SR)   Coulomb (SR)      Potential
    1.02227e+03    1.05675e+04   -8.43136e+02   -1.86713e+04    3.19524e+03
 Pressure (bar)
    6.57240e+01

           Step           Time
            126      126.00000

           Step           Time
            127      127.00000

   Energies (kJ/mol)
           Bond            U-B    Proper Dih.  Improper Dih.      CMAP Dih.
    9.42796e+02    5.92632e+03    4.23690e+03    2.02004e+02   -2.41411e+02
          LJ-14     Coulomb-14        LJ (SR)   Coulomb (SR)      Potential
    1.02068e+03    1.05664e+04   -8.43581e+02   -1.86748e+04    3.13528e+03
 Pressure (bar)
    6.59483e+01

           Step           Time
            128      128.00000

   Energies (kJ/mol)
           Bond            U-B    Proper Dih.  Improper Dih.      CMAP Dih.
    9.86705e+02    5.86703e+03    4.23186e+03    1.97917e+02   -2.43454e+02
          LJ-14     Coulomb-14        LJ (SR)   Coulomb (SR)      Potential
    1.01680e+03    1.05765e+04   -8.55656e+02   -1.86906e+04    3.08714e+03
 Pressure (bar)
    5.94100e+01

           Step           Time
            129      129.00000

   Energies (kJ/mol)
           Bond            U-B    Proper Dih.  Improper Dih.      CMAP Dih.
    9.64022e+02    5.84789e+03    4.22780e+03    1.99118e+02   -2.43262e+02
          LJ-14     Coulomb-14        LJ (SR)   Coulomb (SR)      Potential
    1.01564e+03    1.05732e+04   -8.54070e+02   -1.86919e+04    3.03838e+03
 Pressure (bar)
    6.13137e+01

           Step           Time
            130      130.00000

   Energies (kJ/mol)
           Bond            U-B    Proper Dih.  Improper Dih.      CMAP Dih.
    1.03293e+03    5.78681e+03    4.22308e+03    1.94322e+02   -2.45669e+02
          LJ-14     Coulomb-14        LJ (SR)   Coulomb (SR)      Potential
    1.01146e+03    1.05863e+04   -8.68071e+02   -1.87104e+04    3.01070e+03
 Pressure (bar)
    5.42265e+01

           Step           Time
            131      131.00000

   Energies (kJ/mol)
           Bond            U-B    Proper Dih.  Improper Dih.      CMAP Dih.
    1.02007e+03    5.78230e+03    4.21883e+03    1.96594e+02   -2.44877e+02
          LJ-14     Coulomb-14        LJ (SR)   Coulomb (SR)      Potential
    1.01096e+03    1.05796e+04   -8.63322e+02   -1.87079e+04    2.99226e+03
 Pressure (bar)
    5.67557e+01

           Step           Time
            132      132.00000

           Step           Time
            133      133.00000

   Energies (kJ/mol)
           Bond            U-B    Proper Dih.  Improper Dih.      CMAP Dih.
    9.27302e+02    5.72058e+03    4.21662e+03    1.92934e+02   -2.46703e+02
          LJ-14     Coulomb-14        LJ (SR)   Coulomb (SR)      Potential
    1.00827e+03    1.05886e+04   -8.73626e+02   -1.87199e+04    2.81411e+03
 Pressure (bar)
    5.72340e+01

           Step           Time
            134      134.00000

   Energies (kJ/mol)
           Bond            U-B    Proper Dih.  Improper Dih.      CMAP Dih.
    9.43232e+02    5.63048e+03    4.20528e+03    1.90556e+02   -2.48787e+02
          LJ-14     Coulomb-14        LJ (SR)   Coulomb (SR)      Potential
    1.00225e+03    1.05967e+04   -8.84146e+02   -1.87412e+04    2.69437e+03
 Pressure (bar)
    5.23157e+01

           Step           Time
            135      135.00000

           Step           Time
            136      136.00000

   Energies (kJ/mol)
           Bond            U-B    Proper Dih.  Improper Dih.      CMAP Dih.
    9.32202e+02    5.58961e+03    4.20264e+03    1.87685e+02   -2.50244e+02
          LJ-14     Coulomb-14        LJ (SR)   Coulomb (SR)      Potential
    9.99654e+02    1.06051e+04   -8.92383e+02   -1.87530e+04    2.62125e+03
 Pressure (bar)
    5.00121e+01

           Step           Time
            137      137.00000

   Energies (kJ/mol)
           Bond            U-B    Proper Dih.  Improper Dih.      CMAP Dih.
    9.65191e+02    5.55896e+03    4.19586e+03    1.87087e+02   -2.50717e+02
          LJ-14     Coulomb-14        LJ (SR)   Coulomb (SR)      Potential
    9.96972e+02    1.06060e+04   -8.95824e+02   -1.87619e+04    2.60164e+03
 Pressure (bar)
    4.98637e+01

           Step           Time
            138      138.00000

   Energies (kJ/mol)
           Bond            U-B    Proper Dih.  Improper Dih.      CMAP Dih.
    9.49770e+02    5.50944e+03    4.19359e+03    1.83994e+02   -2.52632e+02
          LJ-14     Coulomb-14        LJ (SR)   Coulomb (SR)      Potential
    9.93758e+02    1.06175e+04   -9.06110e+02   -1.87773e+04    2.51197e+03
 Pressure (bar)
    4.63731e+01

           Step           Time
            139      139.00000

           Step           Time
            140      140.00000

   Energies (kJ/mol)
           Bond            U-B    Proper Dih.  Improper Dih.      CMAP Dih.
    9.12560e+02    5.49343e+03    4.19071e+03    1.84011e+02   -2.52588e+02
          LJ-14     Coulomb-14        LJ (SR)   Coulomb (SR)      Potential
    9.92950e+02    1.06159e+04   -9.06645e+02   -1.87791e+04    2.45122e+03
 Pressure (bar)
    4.96561e+01

           Step           Time
            141      141.00000

   Energies (kJ/mol)
           Bond            U-B    Proper Dih.  Improper Dih.      CMAP Dih.
    9.63759e+02    5.44376e+03    4.18605e+03    1.81105e+02   -2.54672e+02
          LJ-14     Coulomb-14        LJ (SR)   Coulomb (SR)      Potential
    9.88615e+02    1.06286e+04   -9.17734e+02   -1.87990e+04    2.42042e+03
 Pressure (bar)
    4.36316e+01

           Step           Time
            142      142.00000

   Energies (kJ/mol)
           Bond            U-B    Proper Dih.  Improper Dih.      CMAP Dih.
    9.21156e+02    5.43039e+03    4.18264e+03    1.81244e+02   -2.54378e+02
          LJ-14     Coulomb-14        LJ (SR)   Coulomb (SR)      Potential
    9.88052e+02    1.06251e+04   -9.17496e+02   -1.87992e+04    2.35758e+03
 Pressure (bar)
    4.61072e+01

           Step           Time
            143      143.00000

           Step           Time
            144      144.00000

   Energies (kJ/mol)
           Bond            U-B    Proper Dih.  Improper Dih.      CMAP Dih.
    9.09528e+02    5.39960e+03    4.18095e+03    1.79641e+02   -2.55543e+02
          LJ-14     Coulomb-14        LJ (SR)   Coulomb (SR)      Potential
    9.85923e+02    1.06323e+04   -9.23442e+02   -1.88094e+04    2.29953e+03
 Pressure (bar)
    4.41186e+01

           Step           Time
            145      145.00000

   Energies (kJ/mol)
           Bond            U-B    Proper Dih.  Improper Dih.      CMAP Dih.
    9.31870e+02    5.35888e+03    4.17343e+03    1.77997e+02   -2.56529e+02
          LJ-14     Coulomb-14        LJ (SR)   Coulomb (SR)      Potential
    9.82464e+02    1.06367e+04   -9.30432e+02   -1.88231e+04    2.25131e+03
 Pressure (bar)
    4.53421e+01

           Step           Time
            146      146.00000

   Energies (kJ/mol)
           Bond            U-B    Proper Dih.  Improper Dih.      CMAP Dih.
    9.12765e+02    5.32235e+03    4.17196e+03    1.76211e+02   -2.58073e+02
          LJ-14     Coulomb-14        LJ (SR)   Coulomb (SR)      Potential
    9.79932e+02    1.06461e+04   -9.37674e+02   -1.88358e+04    2.17776e+03
 Pressure (bar)
    4.02847e+01

           Step           Time
            147      147.00000

           Step           Time
            148      148.00000

   Energies (kJ/mol)
           Bond            U-B    Proper Dih.  Improper Dih.      CMAP Dih.
    8.97529e+02    5.30630e+03    4.16888e+03    1.75740e+02   -2.58207e+02
          LJ-14     Coulomb-14        LJ (SR)   Coulomb (SR)      Potential
    9.78867e+02    1.06461e+04   -9.39597e+02   -1.88395e+04    2.13609e+03
 Pressure (bar)
    4.12166e+01

           Step           Time
            149      149.00000

   Energies (kJ/mol)
           Bond            U-B    Proper Dih.  Improper Dih.      CMAP Dih.
    9.17458e+02    5.27111e+03    4.16590e+03    1.73841e+02   -2.59740e+02
          LJ-14     Coulomb-14        LJ (SR)   Coulomb (SR)      Potential
    9.75839e+02    1.06557e+04   -9.47261e+02   -1.88545e+04    2.09842e+03
 Pressure (bar)
    3.69207e+01

           Step           Time
            150      150.00000

   Energies (kJ/mol)
           Bond            U-B    Proper Dih.  Improper Dih.      CMAP Dih.
    9.02384e+02    5.25788e+03    4.16237e+03    1.73420e+02   -2.59649e+02
          LJ-14     Coulomb-14        LJ (SR)   Coulomb (SR)      Potential
    9.74968e+02    1.06544e+04   -9.48740e+02   -1.88571e+04    2.05998e+03
 Pressure (bar)
    3.91500e+01

           Step           Time
            151      151.00000

   Energies (kJ/mol)
           Bond            U-B    Proper Dih.  Improper Dih.      CMAP Dih.
    9.31027e+02    5.22412e+03    4.16015e+03    1.71557e+02   -2.61402e+02
          LJ-14     Coulomb-14        LJ (SR)   Coulomb (SR)      Potential
    9.71915e+02    1.06657e+04   -9.56658e+02   -1.88733e+04    2.03308e+03
 Pressure (bar)
    3.24017e+01

           Step           Time
            152      152.00000

   Energies (kJ/mol)
           Bond            U-B    Proper Dih.  Improper Dih.      CMAP Dih.
    9.20526e+02    5.21614e+03    4.15605e+03    1.71291e+02   -2.60854e+02
          LJ-14     Coulomb-14        LJ (SR)   Coulomb (SR)      Potential
    9.71403e+02    1.06619e+04   -9.57111e+02   -1.88736e+04    2.00584e+03
 Pressure (bar)
    3.48793e+01

           Step           Time
            153      153.00000

   Energies (kJ/mol)
           Bond            U-B    Proper Dih.  Improper Dih.      CMAP Dih.
    9.62830e+02    5.18221e+03    4.15455e+03    1.69385e+02   -2.63020e+02
          LJ-14     Coulomb-14        LJ (SR)   Coulomb (SR)      Potential
    9.68085e+02    1.06759e+04   -9.65801e+02   -1.88927e+04    1.99139e+03
 Pressure (bar)
    2.65905e+01

           Step           Time
            154      154.00000

   Energies (kJ/mol)
           Bond            U-B    Proper Dih.  Improper Dih.      CMAP Dih.
    9.66732e+02    5.18336e+03    4.14980e+03    1.69131e+02   -2.61788e+02
          LJ-14     Coulomb-14        LJ (SR)   Coulomb (SR)      Potential
    9.68164e+02    1.06685e+04   -9.64594e+02   -1.88890e+04    1.99022e+03
 Pressure (bar)
    3.29834e+01

           Step           Time
            155      155.00000

           Step           Time
            156      156.00000

   Energies (kJ/mol)
           Bond            U-B    Proper Dih.  Improper Dih.      CMAP Dih.
    8.80881e+02    5.14166e+03    4.14941e+03    1.67998e+02   -2.63301e+02
          LJ-14     Coulomb-14        LJ (SR)   Coulomb (SR)      Potential
    9.66028e+02    1.06777e+04   -9.70517e+02   -1.89012e+04    1.84862e+03
 Pressure (bar)
    3.11023e+01

           Step           Time
            157      157.00000

   Energies (kJ/mol)
           Bond            U-B    Proper Dih.  Improper Dih.      CMAP Dih.
    9.35163e+02    5.05416e+03    4.13398e+03    1.63933e+02   -2.65155e+02
          LJ-14     Coulomb-14        LJ (SR)   Coulomb (SR)      Potential
    9.58176e+02    1.06937e+04   -9.87913e+02   -1.89390e+04    1.74705e+03
 Pressure (bar)
    2.69062e+01

           Step           Time
            158      158.00000

   Energies (kJ/mol)
           Bond            U-B    Proper Dih.  Improper Dih.      CMAP Dih.
    9.33997e+02    5.01999e+03    4.13370e+03    1.62247e+02   -2.67329e+02
          LJ-14     Coulomb-14        LJ (SR)   Coulomb (SR)      Potential
    9.55436e+02    1.07074e+04   -9.95597e+02   -1.89588e+04    1.69106e+03
 Pressure (bar)
    1.96490e+01

           Step           Time
            159      159.00000

           Step           Time
            160      160.00000

   Energies (kJ/mol)
           Bond            U-B    Proper Dih.  Improper Dih.      CMAP Dih.
    8.68181e+02    5.00664e+03    4.13081e+03    1.61761e+02   -2.66501e+02
          LJ-14     Coulomb-14        LJ (SR)   Coulomb (SR)      Potential
    9.55321e+02    1.07032e+04   -9.95847e+02   -1.89565e+04    1.60709e+03
 Pressure (bar)
    2.30726e+01

           Step           Time
            161      161.00000

           Step           Time
            162      162.00000

   Energies (kJ/mol)
           Bond            U-B    Proper Dih.  Improper Dih.      CMAP Dih.
    8.79144e+02    4.98222e+03    4.12871e+03    1.60622e+02   -2.67638e+02
          LJ-14     Coulomb-14        LJ (SR)   Coulomb (SR)      Potential
    9.53211e+02    1.07115e+04   -1.00109e+03   -1.89705e+04    1.57619e+03
 Pressure (bar)
    1.69410e+01

           Step           Time
            163      163.00000

   Energies (kJ/mol)
           Bond            U-B    Proper Dih.  Improper Dih.      CMAP Dih.
    8.71697e+02    4.97132e+03    4.12512e+03    1.59693e+02   -2.67146e+02
          LJ-14     Coulomb-14        LJ (SR)   Coulomb (SR)      Potential
    9.52408e+02    1.07103e+04   -1.00307e+03   -1.89731e+04    1.54720e+03
 Pressure (bar)
    2.21699e+01

           Step           Time
            164      164.00000

   Energies (kJ/mol)
           Bond            U-B    Proper Dih.  Improper Dih.      CMAP Dih.
    8.87176e+02    4.94745e+03    4.12364e+03    1.58643e+02   -2.68516e+02
          LJ-14     Coulomb-14        LJ (SR)   Coulomb (SR)      Potential
    9.50273e+02    1.07201e+04   -1.00832e+03   -1.89885e+04    1.52197e+03
 Pressure (bar)
    1.42405e+01

           Step           Time
            165      165.00000

   Energies (kJ/mol)
           Bond            U-B    Proper Dih.  Improper Dih.      CMAP Dih.
    8.85839e+02    4.94101e+03    4.11946e+03    1.57603e+02   -2.67569e+02
          LJ-14     Coulomb-14        LJ (SR)   Coulomb (SR)      Potential
    9.49735e+02    1.07167e+04   -1.00986e+03   -1.89889e+04    1.50407e+03
 Pressure (bar)
    1.96436e+01

           Step           Time
            166      166.00000

   Energies (kJ/mol)
           Bond            U-B    Proper Dih.  Improper Dih.      CMAP Dih.
    9.08160e+02    4.91604e+03    4.11877e+03    1.56619e+02   -2.69383e+02
          LJ-14     Coulomb-14        LJ (SR)   Coulomb (SR)      Potential
    9.47432e+02    1.07293e+04   -1.01550e+03   -1.90071e+04    1.48434e+03
 Pressure (bar)
    9.62869e+00

           Step           Time
            167      167.00000

           Step           Time
            168      168.00000

   Energies (kJ/mol)
           Bond            U-B    Proper Dih.  Improper Dih.      CMAP Dih.
    8.53509e+02    4.90465e+03    4.11628e+03    1.55986e+02   -2.68646e+02
          LJ-14     Coulomb-14        LJ (SR)   Coulomb (SR)      Potential
    9.47207e+02    1.07259e+04   -1.01626e+03   -1.90054e+04    1.41324e+03
 Pressure (bar)
    1.50365e+01

           Step           Time
            169      169.00000

   Energies (kJ/mol)
           Bond            U-B    Proper Dih.  Improper Dih.      CMAP Dih.
    9.18527e+02    4.84658e+03    4.10799e+03    1.52663e+02   -2.71035e+02
          LJ-14     Coulomb-14        LJ (SR)   Coulomb (SR)      Potential
    9.41612e+02    1.07466e+04   -1.02944e+03   -1.90446e+04    1.36887e+03
 Pressure (bar)
    3.12209e+00

           Step           Time
            170      170.00000

   Energies (kJ/mol)
           Bond            U-B    Proper Dih.  Improper Dih.      CMAP Dih.
    8.54138e+02    4.83480e+03    4.10450e+03    1.51628e+02   -2.69722e+02
          LJ-14     Coulomb-14        LJ (SR)   Coulomb (SR)      Potential
    9.41477e+02    1.07410e+04   -1.03058e+03   -1.90406e+04    1.28671e+03
 Pressure (bar)
    1.27055e+01

           Step           Time
            171      171.00000

           Step           Time
            172      172.00000

   Energies (kJ/mol)
           Bond            U-B    Proper Dih.  Improper Dih.      CMAP Dih.
    8.57143e+02    4.81666e+03    4.10348e+03    1.51114e+02   -2.70843e+02
          LJ-14     Coulomb-14        LJ (SR)   Coulomb (SR)      Potential
    9.39906e+02    1.07491e+04   -1.03417e+03   -1.90536e+04    1.25875e+03
 Pressure (bar)
    5.67423e+00

           Step           Time
            173      173.00000

   Energies (kJ/mol)
           Bond            U-B    Proper Dih.  Improper Dih.      CMAP Dih.
    8.64079e+02    4.80856e+03    4.09923e+03    1.49775e+02   -2.70015e+02
          LJ-14     Coulomb-14        LJ (SR)   Coulomb (SR)      Potential
    9.39151e+02    1.07469e+04   -1.03683e+03   -1.90559e+04    1.24490e+03
 Pressure (bar)
    1.39876e+01

           Step           Time
            174      174.00000

   Energies (kJ/mol)
           Bond            U-B    Proper Dih.  Improper Dih.      CMAP Dih.
    8.66533e+02    4.78872e+03    4.09881e+03    1.49478e+02   -2.71546e+02
          LJ-14     Coulomb-14        LJ (SR)   Coulomb (SR)      Potential
    9.37494e+02    1.07573e+04   -1.04064e+03   -1.90718e+04    1.21438e+03
 Pressure (bar)
    6.81656e+00

           Step           Time
            175      175.00000

           Step           Time
            176      176.00000

   Energies (kJ/mol)
           Bond            U-B    Proper Dih.  Improper Dih.      CMAP Dih.
    8.38258e+02    4.78013e+03    4.09640e+03    1.48690e+02   -2.70922e+02
          LJ-14     Coulomb-14        LJ (SR)   Coulomb (SR)      Potential
    9.37203e+02    1.07549e+04   -1.04196e+03   -1.90712e+04    1.17149e+03
 Pressure (bar)
    1.21665e+01

           Step           Time
            177      177.00000

   Energies (kJ/mol)
           Bond            U-B    Proper Dih.  Improper Dih.      CMAP Dih.
    8.73403e+02    4.74787e+03    4.09187e+03    1.47025e+02   -2.72533e+02
          LJ-14     Coulomb-14        LJ (SR)   Coulomb (SR)      Potential
    9.34168e+02    1.07691e+04   -1.04955e+03   -1.90974e+04    1.14397e+03
 Pressure (bar)
    2.43713e+00

           Step           Time
            178      178.00000

   Energies (kJ/mol)
           Bond            U-B    Proper Dih.  Improper Dih.      CMAP Dih.
    8.37359e+02    4.73846e+03    4.08881e+03    1.45973e+02   -2.71537e+02
          LJ-14     Coulomb-14        LJ (SR)   Coulomb (SR)      Potential
    9.34003e+02    1.07650e+04   -1.05117e+03   -1.90949e+04    1.09202e+03
 Pressure (bar)
    1.07122e+01

           Step           Time
            179      179.00000

           Step           Time
            180      180.00000

   Energies (kJ/mol)
           Bond            U-B    Proper Dih.  Improper Dih.      CMAP Dih.
    8.37627e+02    4.72385e+03    4.08772e+03    1.45586e+02   -2.72448e+02
          LJ-14     Coulomb-14        LJ (SR)   Coulomb (SR)      Potential
    9.32821e+02    1.07718e+04   -1.05393e+03   -1.91062e+04    1.06688e+03
 Pressure (bar)
    6.40482e+00

           Step           Time
            181      181.00000

   Energies (kJ/mol)
           Bond            U-B    Proper Dih.  Improper Dih.      CMAP Dih.
    8.39249e+02    4.71326e+03    4.08400e+03    1.44296e+02   -2.71897e+02
          LJ-14     Coulomb-14        LJ (SR)   Coulomb (SR)      Potential
    9.31984e+02    1.07713e+04   -1.05678e+03   -1.91096e+04    1.04585e+03
 Pressure (bar)
    1.08041e+01

           Step           Time
            182      182.00000

   Energies (kJ/mol)
           Bond            U-B    Proper Dih.  Improper Dih.      CMAP Dih.
    8.41024e+02    4.69762e+03    4.08323e+03    1.44112e+02   -2.73127e+02
          LJ-14     Coulomb-14        LJ (SR)   Coulomb (SR)      Potential
    9.30672e+02    1.07800e+04   -1.05966e+03   -1.91231e+04    1.02074e+03
 Pressure (bar)
    4.51881e+00

           Step           Time
            183      183.00000

   Energies (kJ/mol)
           Bond            U-B    Proper Dih.  Improper Dih.      CMAP Dih.
    8.47077e+02    4.69017e+03    4.07926e+03    1.42781e+02   -2.72204e+02
          LJ-14     Coulomb-14        LJ (SR)   Coulomb (SR)      Potential
    9.30035e+02    1.07773e+04   -1.06229e+03   -1.91236e+04    1.00858e+03
 Pressure (bar)
    1.15389e+01

           Step           Time
            184      184.00000

   Energies (kJ/mol)
           Bond            U-B    Proper Dih.  Improper Dih.      CMAP Dih.
    8.52241e+02    4.67344e+03    4.07902e+03    1.42810e+02   -2.73853e+02
          LJ-14     Coulomb-14        LJ (SR)   Coulomb (SR)      Potential
    9.28632e+02    1.07883e+04   -1.06527e+03   -1.91400e+04    9.85309e+02
 Pressure (bar)
    2.51628e+00

           Step           Time
            185      185.00000

           Step           Time
            186      186.00000

   Energies (kJ/mol)
           Bond            U-B    Proper Dih.  Improper Dih.      CMAP Dih.
    8.21629e+02    4.66482e+03    4.07672e+03    1.41990e+02   -2.73172e+02
          LJ-14     Coulomb-14        LJ (SR)   Coulomb (SR)      Potential
    9.28357e+02    1.07854e+04   -1.06667e+03   -1.91385e+04    9.40588e+02
 Pressure (bar)
    7.76430e+00

           Step           Time
            187      187.00000

   Energies (kJ/mol)
           Bond            U-B    Proper Dih.  Improper Dih.      CMAP Dih.
    8.57789e+02    4.62679e+03    4.07071e+03    1.40405e+02   -2.74956e+02
          LJ-14     Coulomb-14        LJ (SR)   Coulomb (SR)      Potential
    9.25010e+02    1.08021e+04   -1.07536e+03   -1.91700e+04    9.02475e+02
 Pressure (bar)
   -4.13021e-01

           Step           Time
            188      188.00000

   Energies (kJ/mol)
           Bond            U-B    Proper Dih.  Improper Dih.      CMAP Dih.
    8.18854e+02    4.61737e+03    4.06784e+03    1.39325e+02   -2.73987e+02
          LJ-14     Coulomb-14        LJ (SR)   Coulomb (SR)      Potential
    9.24747e+02    1.07975e+04   -1.07707e+03   -1.91671e+04    8.47504e+02
 Pressure (bar)
    6.92547e+00

           Step           Time
            189      189.00000

           Step           Time
            190      190.00000

   Energies (kJ/mol)
           Bond            U-B    Proper Dih.  Improper Dih.      CMAP Dih.
    8.21436e+02    4.60339e+03    4.06669e+03    1.39062e+02   -2.74998e+02
          LJ-14     Coulomb-14        LJ (SR)   Coulomb (SR)      Potential
    9.23666e+02    1.08044e+04   -1.07941e+03   -1.91790e+04    8.25199e+02
 Pressure (bar)
    1.92863e+00

           Step           Time
            191      191.00000

   Energies (kJ/mol)
           Bond            U-B    Proper Dih.  Improper Dih.      CMAP Dih.
    8.20967e+02    4.59469e+03    4.06343e+03    1.37972e+02   -2.74430e+02
          LJ-14     Coulomb-14        LJ (SR)   Coulomb (SR)      Potential
    9.23000e+02    1.08031e+04   -1.08197e+03   -1.91814e+04    8.05340e+02
 Pressure (bar)
    7.90953e+00

           Step           Time
            192      192.00000

   Energies (kJ/mol)
           Bond            U-B    Proper Dih.  Improper Dih.      CMAP Dih.
    8.26046e+02    4.58012e+03    4.06261e+03    1.37903e+02   -2.75721e+02
          LJ-14     Coulomb-14        LJ (SR)   Coulomb (SR)      Potential
    9.21835e+02    1.08117e+04   -1.08431e+03   -1.91954e+04    7.84820e+02
 Pressure (bar)
    2.37141e+00

           Step           Time
            193      193.00000

   Energies (kJ/mol)
           Bond            U-B    Proper Dih.  Improper Dih.      CMAP Dih.
    8.28645e+02    4.57372e+03    4.05902e+03    1.36637e+02   -2.74787e+02
          LJ-14     Coulomb-14        LJ (SR)   Coulomb (SR)      Potential
    9.21306e+02    1.08088e+04   -1.08683e+03   -1.91955e+04    7.70992e+02
 Pressure (bar)
    8.99087e+00

           Step           Time
            194      194.00000

   Energies (kJ/mol)
           Bond            U-B    Proper Dih.  Improper Dih.      CMAP Dih.
    8.38988e+02    4.55813e+03    4.05871e+03    1.36817e+02   -2.76509e+02
          LJ-14     Coulomb-14        LJ (SR)   Coulomb (SR)      Potential
    9.20078e+02    1.08196e+04   -1.08909e+03   -1.92125e+04    7.54223e+02
 Pressure (bar)
   -1.15727e+00

           Step           Time
            195      195.00000

   Energies (kJ/mol)
           Bond            U-B    Proper Dih.  Improper Dih.      CMAP Dih.
    8.48993e+02    4.55496e+03    4.05453e+03    1.35293e+02   -2.75048e+02
          LJ-14     Coulomb-14        LJ (SR)   Coulomb (SR)      Potential
    9.19766e+02    1.08140e+04   -1.09153e+03   -1.92089e+04    7.52039e+02
 Pressure (bar)
    1.01478e+01

           Step           Time
            196      196.00000

   Energies (kJ/mol)
           Bond            U-B    Proper Dih.  Improper Dih.      CMAP Dih.
    8.68689e+02    4.53853e+03    4.05495e+03    1.35941e+02   -2.77369e+02
          LJ-14     Coulomb-14        LJ (SR)   Coulomb (SR)      Potential
    9.18425e+02    1.08282e+04   -1.09353e+03   -1.92302e+04    7.43643e+02
 Pressure (bar)
   -5.49894e+00

           Step           Time
            197      197.00000

           Step           Time
            198      198.00000

   Energies (kJ/mol)
           Bond            U-B    Proper Dih.  Improper Dih.      CMAP Dih.
    8.01259e+02    4.52456e+03    4.05240e+03    1.34877e+02   -2.76395e+02
          LJ-14     Coulomb-14        LJ (SR)   Coulomb (SR)      Potential
    9.18136e+02    1.08235e+04   -1.09522e+03   -1.92260e+04    6.57123e+02
 Pressure (bar)
    3.62569e+00

           Step           Time
            199      199.00000

   Energies (kJ/mol)
           Bond            U-B    Proper Dih.  Improper Dih.      CMAP Dih.
    8.90432e+02    4.47659e+03    4.04512e+03    1.33698e+02   -2.79300e+02
          LJ-14     Coulomb-14        LJ (SR)   Coulomb (SR)      Potential
    9.14357e+02    1.08470e+04   -1.10395e+03   -1.92715e+04    6.52443e+02
 Pressure (bar)
   -1.14483e+01

           Step           Time
            200      200.00000

   Energies (kJ/mol)
           Bond            U-B    Proper Dih.  Improper Dih.      CMAP Dih.
    8.01278e+02    4.45837e+03    4.04181e+03    1.32170e+02   -2.77809e+02
          LJ-14     Coulomb-14        LJ (SR)   Coulomb (SR)      Potential
    9.14110e+02    1.08398e+04   -1.10655e+03   -1.92644e+04    5.38779e+02
 Pressure (bar)
    2.91614e+00

           Step           Time
            201      201.00000

           Step           Time
            202      202.00000

   Energies (kJ/mol)
           Bond            U-B    Proper Dih.  Improper Dih.      CMAP Dih.
    8.12272e+02    4.44024e+03    4.04126e+03    1.32415e+02   -2.79241e+02
          LJ-14     Coulomb-14        LJ (SR)   Coulomb (SR)      Potential
    9.13103e+02    1.08493e+04   -1.10825e+03   -1.92806e+04    5.20463e+02
 Pressure (bar)
   -5.46827e+00

           Step           Time
            203      203.00000

   Energies (kJ/mol)
           Bond            U-B    Proper Dih.  Improper Dih.      CMAP Dih.
    8.10443e+02    4.43020e+03    4.03805e+03    1.31219e+02   -2.78227e+02
          LJ-14     Coulomb-14        LJ (SR)   Coulomb (SR)      Potential
    9.12751e+02    1.08459e+04   -1.11100e+03   -1.92794e+04    4.99949e+02
 Pressure (bar)
    2.03830e+00

           Step           Time
            204      204.00000

   Energies (kJ/mol)
           Bond            U-B    Proper Dih.  Improper Dih.      CMAP Dih.
    8.28840e+02    4.41026e+03    4.03815e+03    1.31701e+02   -2.80067e+02
          LJ-14     Coulomb-14        LJ (SR)   Coulomb (SR)      Potential
    9.11770e+02    1.08577e+04   -1.11222e+03   -1.92986e+04    4.87551e+02
 Pressure (bar)
   -8.72134e+00

           Step           Time
            205      205.00000

   Energies (kJ/mol)
           Bond            U-B    Proper Dih.  Improper Dih.      CMAP Dih.
    8.34143e+02    4.40126e+03    4.03438e+03    1.30159e+02   -2.78519e+02
          LJ-14     Coulomb-14        LJ (SR)   Coulomb (SR)      Potential
    9.11584e+02    1.08515e+04   -1.11529e+03   -1.92936e+04    4.75549e+02
 Pressure (bar)
    4.95921e+00

           Step           Time
            206      206.00000

   Energies (kJ/mol)
           Bond            U-B    Proper Dih.  Improper Dih.      CMAP Dih.
    8.65908e+02    4.37936e+03    4.03540e+03    1.31096e+02   -2.80984e+02
          LJ-14     Coulomb-14        LJ (SR)   Coulomb (SR)      Potential
    9.10615e+02    1.08665e+04   -1.11581e+03   -1.93173e+04    4.74760e+02
 Pressure (bar)
   -1.18062e+01

           Step           Time
            207      207.00000

           Step           Time
            208      208.00000

   Energies (kJ/mol)
           Bond            U-B    Proper Dih.  Improper Dih.      CMAP Dih.
    7.83602e+02    4.35910e+03    4.03302e+03    1.29899e+02   -2.80005e+02
          LJ-14     Coulomb-14        LJ (SR)   Coulomb (SR)      Potential
    9.10323e+02    1.08613e+04   -1.11818e+03   -1.93120e+04    3.66980e+02
 Pressure (bar)
   -2.09509e-01

           Step           Time
            209      209.00000

   Energies (kJ/mol)
           Bond            U-B    Proper Dih.  Improper Dih.      CMAP Dih.
    8.04905e+02    4.29927e+03    4.02972e+03    1.29182e+02   -2.81724e+02
          LJ-14     Coulomb-14        LJ (SR)   Coulomb (SR)      Potential
    9.08668e+02    1.08753e+04   -1.12290e+03   -1.93414e+04    3.01023e+02
 Pressure (bar)
   -9.84432e+00

           Step           Time
            210      210.00000

           Step           Time
            211      211.00000

   Energies (kJ/mol)
           Bond            U-B    Proper Dih.  Improper Dih.      CMAP Dih.
    7.82659e+02    4.28482e+03    4.02760e+03    1.28215e+02   -2.81000e+02
          LJ-14     Coulomb-14        LJ (SR)   Coulomb (SR)      Potential
    9.08353e+02    1.08725e+04   -1.12536e+03   -1.93399e+04    2.57873e+02
 Pressure (bar)
   -3.69513e+00

           Step           Time
            212      212.00000

   Energies (kJ/mol)
           Bond            U-B    Proper Dih.  Improper Dih.      CMAP Dih.
    8.17029e+02    4.25167e+03    4.02670e+03    1.28431e+02   -2.82534e+02
          LJ-14     Coulomb-14        LJ (SR)   Coulomb (SR)      Potential
    9.07555e+02    1.08839e+04   -1.12692e+03   -1.93619e+04    2.44020e+02
 Pressure (bar)
   -1.14686e+01

           Step           Time
            213      213.00000

   Energies (kJ/mol)
           Bond            U-B    Proper Dih.  Improper Dih.      CMAP Dih.
    7.90651e+02    4.23712e+03    4.02395e+03    1.27074e+02   -2.81430e+02
          LJ-14     Coulomb-14        LJ (SR)   Coulomb (SR)      Potential
    9.07226e+02    1.08790e+04   -1.12997e+03   -1.93577e+04    1.95879e+02
 Pressure (bar)
   -1.91513e+00

           Step           Time
            214      214.00000

           Step           Time
            215      215.00000

   Energies (kJ/mol)
           Bond            U-B    Proper Dih.  Improper Dih.      CMAP Dih.
    7.79116e+02    4.21824e+03    4.02395e+03    1.27383e+02   -2.82545e+02
          LJ-14     Coulomb-14        LJ (SR)   Coulomb (SR)      Potential
    9.06830e+02    1.08853e+04   -1.13025e+03   -1.93692e+04    1.58861e+02
 Pressure (bar)
   -4.61813e+00

           Step           Time
            216      216.00000

   Energies (kJ/mol)
           Bond            U-B    Proper Dih.  Improper Dih.      CMAP Dih.
    8.00882e+02    4.19412e+03    4.02021e+03    1.26085e+02   -2.81908e+02
          LJ-14     Coulomb-14        LJ (SR)   Coulomb (SR)      Potential
    9.06158e+02    1.08849e+04   -1.13423e+03   -1.93751e+04    1.41195e+02
 Pressure (bar)
    2.34290e+00

           Step           Time
            217      217.00000

   Energies (kJ/mol)
           Bond            U-B    Proper Dih.  Improper Dih.      CMAP Dih.
    7.84018e+02    4.17384e+03    4.02055e+03    1.26630e+02   -2.83380e+02
          LJ-14     Coulomb-14        LJ (SR)   Coulomb (SR)      Potential
    9.05750e+02    1.08931e+04   -1.13412e+03   -1.93896e+04    9.67949e+01
 Pressure (bar)
   -5.59574e+00

           Step           Time
            218      218.00000

           Step           Time
            219      219.00000

   Energies (kJ/mol)
           Bond            U-B    Proper Dih.  Improper Dih.      CMAP Dih.
    7.73180e+02    4.16297e+03    4.01865e+03    1.25855e+02   -2.82911e+02
          LJ-14     Coulomb-14        LJ (SR)   Coulomb (SR)      Potential
    9.05445e+02    1.08912e+04   -1.13631e+03   -1.93897e+04    6.84668e+01
 Pressure (bar)
   -7.30236e-01

           Step           Time
            220      220.00000

   Energies (kJ/mol)
           Bond            U-B    Proper Dih.  Improper Dih.      CMAP Dih.
    7.89366e+02    4.14144e+03    4.01757e+03    1.26037e+02   -2.84067e+02
          LJ-14     Coulomb-14        LJ (SR)   Coulomb (SR)      Potential
    9.04889e+02    1.08995e+04   -1.13733e+03   -1.94067e+04    5.07051e+01
 Pressure (bar)
   -8.01563e+00

           Step           Time
            221      221.00000

   Energies (kJ/mol)
           Bond            U-B    Proper Dih.  Improper Dih.      CMAP Dih.
    7.77539e+02    4.13210e+03    4.01513e+03    1.24964e+02   -2.83294e+02
          LJ-14     Coulomb-14        LJ (SR)   Coulomb (SR)      Potential
    9.04546e+02    1.08959e+04   -1.14020e+03   -1.94045e+04    2.21895e+01
 Pressure (bar)
   -2.10976e+00

           Step           Time
            222      222.00000

   Energies (kJ/mol)
           Bond            U-B    Proper Dih.  Improper Dih.      CMAP Dih.
    8.03025e+02    4.11658e+03    4.01470e+03    1.25432e+02   -2.84724e+02
          LJ-14     Coulomb-14        LJ (SR)   Coulomb (SR)      Potential
    9.04059e+02    1.09053e+04   -1.14005e+03   -1.94226e+04    2.16992e+01
 Pressure (bar)
   -1.12625e+01

           Step           Time
            223      223.00000

   Energies (kJ/mol)
           Bond            U-B    Proper Dih.  Improper Dih.      CMAP Dih.
    7.93011e+02    4.10982e+03    4.01157e+03    1.24105e+02   -2.83479e+02
          LJ-14     Coulomb-14        LJ (SR)   Coulomb (SR)      Potential
    9.03703e+02    1.08994e+04   -1.14378e+03   -1.94174e+04   -3.01953e+00
 Pressure (bar)
   -1.67183e+00

           Step           Time
            224      224.00000

           Step           Time
            225      225.00000

   Energies (kJ/mol)
           Bond            U-B    Proper Dih.  Improper Dih.      CMAP Dih.
    7.65062e+02    4.09430e+03    4.01170e+03    1.24426e+02   -2.84647e+02
          LJ-14     Coulomb-14        LJ (SR)   Coulomb (SR)      Potential
    9.03319e+02    1.09054e+04   -1.14341e+03   -1.94282e+04   -5.21270e+01
 Pressure (bar)
   -7.14918e+00

           Step           Time
            226      226.00000

   Energies (kJ/mol)
           Bond            U-B    Proper Dih.  Improper Dih.      CMAP Dih.
    8.08334e+02    4.07517e+03    4.00598e+03    1.22912e+02   -2.84161e+02
          LJ-14     Coulomb-14        LJ (SR)   Coulomb (SR)      Potential
    9.02152e+02    1.09062e+04   -1.14909e+03   -1.94405e+04   -5.30410e+01
 Pressure (bar)
   -3.55356e+00

           Step           Time
            227      227.00000

   Energies (kJ/mol)
           Bond            U-B    Proper Dih.  Improper Dih.      CMAP Dih.
    7.67303e+02    4.05618e+03    4.00644e+03    1.23430e+02   -2.85714e+02
          LJ-14     Coulomb-14        LJ (SR)   Coulomb (SR)      Potential
    9.01733e+02    1.09142e+04   -1.14813e+03   -1.94548e+04   -1.19361e+02
 Pressure (bar)
   -1.17933e+01

           Step           Time
            228      228.00000

           Step           Time
            229      229.00000

   Energies (kJ/mol)
           Bond            U-B    Proper Dih.  Improper Dih.      CMAP Dih.
    7.66247e+02    4.04997e+03    4.00406e+03    1.22591e+02   -2.85215e+02
          LJ-14     Coulomb-14        LJ (SR)   Coulomb (SR)      Potential
    9.01315e+02    1.09121e+04   -1.15085e+03   -1.94554e+04   -1.35162e+02
 Pressure (bar)
   -6.35442e+00

           Step           Time
            230      230.00000

   Energies (kJ/mol)
           Bond            U-B    Proper Dih.  Improper Dih.      CMAP Dih.
    7.72983e+02    4.03883e+03    4.00359e+03    1.22972e+02   -2.86243e+02
          LJ-14     Coulomb-14        LJ (SR)   Coulomb (SR)      Potential
    9.00851e+02    1.09190e+04   -1.15057e+03   -1.94692e+04   -1.47863e+02
 Pressure (bar)
   -1.25016e+01

           Step           Time
            231      231.00000

   Energies (kJ/mol)
           Bond            U-B    Proper Dih.  Improper Dih.      CMAP Dih.
    7.76819e+02    4.03527e+03    4.00079e+03    1.21928e+02   -2.85426e+02
          LJ-14     Coulomb-14        LJ (SR)   Coulomb (SR)      Potential
    9.00418e+02    1.09152e+04   -1.15403e+03   -1.94675e+04   -1.56477e+02
 Pressure (bar)
   -6.52694e+00

           Step           Time
            232      232.00000

   Energies (kJ/mol)
           Bond            U-B    Proper Dih.  Improper Dih.      CMAP Dih.
    7.87671e+02    4.02441e+03    4.00086e+03    1.22541e+02   -2.86765e+02
          LJ-14     Coulomb-14        LJ (SR)   Coulomb (SR)      Potential
    8.99990e+02    1.09240e+04   -1.15273e+03   -1.94841e+04   -1.64072e+02
 Pressure (bar)
   -1.25359e+01

           Step           Time
            233      233.00000

           Step           Time
            234      234.00000

   Energies (kJ/mol)
           Bond            U-B    Proper Dih.  Improper Dih.      CMAP Dih.
    7.52316e+02    4.01595e+03    3.99910e+03    1.21768e+02   -2.86385e+02
          LJ-14     Coulomb-14        LJ (SR)   Coulomb (SR)      Potential
    8.99594e+02    1.09209e+04   -1.15525e+03   -1.94814e+04   -2.13346e+02
 Pressure (bar)
   -8.31351e+00


Steepest Descents converged to Fmax < 750 in 235 steps
Potential Energy  = -2.1334570e+02
Maximum force     =  6.2818756e+02 on atom 787
Norm of force     =  1.0381997e+02
Finished mdrun on rank 0 Tue Jul 14 10:40:06 2026

